Archive member included to satisfy reference by file (symbol)

/usr/local/arm/arm-gnu-toolchain-14.3.rel1-darwin-arm64-arm-none-eabi/bin/../lib/gcc/arm-none-eabi/14.3.1/../../../../arm-none-eabi/lib/thumb/v8-m.main+fp/hard/libc.a(libc_a-exit.o)
                              /usr/local/arm/arm-gnu-toolchain-14.3.rel1-darwin-arm64-arm-none-eabi/bin/../lib/gcc/arm-none-eabi/14.3.1/../../../../arm-none-eabi/lib/thumb/v8-m.main+fp/hard/crt0.o (exit)
/usr/local/arm/arm-gnu-toolchain-14.3.rel1-darwin-arm64-arm-none-eabi/bin/../lib/gcc/arm-none-eabi/14.3.1/../../../../arm-none-eabi/lib/thumb/v8-m.main+fp/hard/libc.a(libc_a-malloc.o)
                              build/app/built-in.o (malloc)
/usr/local/arm/arm-gnu-toolchain-14.3.rel1-darwin-arm64-arm-none-eabi/bin/../lib/gcc/arm-none-eabi/14.3.1/../../../../arm-none-eabi/lib/thumb/v8-m.main+fp/hard/libc.a(libc_a-mallocr.o)
                              /usr/local/arm/arm-gnu-toolchain-14.3.rel1-darwin-arm64-arm-none-eabi/bin/../lib/gcc/arm-none-eabi/14.3.1/../../../../arm-none-eabi/lib/thumb/v8-m.main+fp/hard/libc.a(libc_a-malloc.o) (_malloc_r)
/usr/local/arm/arm-gnu-toolchain-14.3.rel1-darwin-arm64-arm-none-eabi/bin/../lib/gcc/arm-none-eabi/14.3.1/../../../../arm-none-eabi/lib/thumb/v8-m.main+fp/hard/libc.a(libc_a-mlock.o)
                              /usr/local/arm/arm-gnu-toolchain-14.3.rel1-darwin-arm64-arm-none-eabi/bin/../lib/gcc/arm-none-eabi/14.3.1/../../../../arm-none-eabi/lib/thumb/v8-m.main+fp/hard/libc.a(libc_a-mallocr.o) (__malloc_lock)
/usr/local/arm/arm-gnu-toolchain-14.3.rel1-darwin-arm64-arm-none-eabi/bin/../lib/gcc/arm-none-eabi/14.3.1/../../../../arm-none-eabi/lib/thumb/v8-m.main+fp/hard/libc.a(libc_a-printf.o)
                              build/app/built-in.o (printf)
/usr/local/arm/arm-gnu-toolchain-14.3.rel1-darwin-arm64-arm-none-eabi/bin/../lib/gcc/arm-none-eabi/14.3.1/../../../../arm-none-eabi/lib/thumb/v8-m.main+fp/hard/libc.a(libc_a-puts.o)
                              build/app/built-in.o (puts)
/usr/local/arm/arm-gnu-toolchain-14.3.rel1-darwin-arm64-arm-none-eabi/bin/../lib/gcc/arm-none-eabi/14.3.1/../../../../arm-none-eabi/lib/thumb/v8-m.main+fp/hard/libc.a(libc_a-snprintf.o)
                              build/framework/built-in.o (snprintf)
/usr/local/arm/arm-gnu-toolchain-14.3.rel1-darwin-arm64-arm-none-eabi/bin/../lib/gcc/arm-none-eabi/14.3.1/../../../../arm-none-eabi/lib/thumb/v8-m.main+fp/hard/libc.a(libc_a-findfp.o)
                              /usr/local/arm/arm-gnu-toolchain-14.3.rel1-darwin-arm64-arm-none-eabi/bin/../lib/gcc/arm-none-eabi/14.3.1/../../../../arm-none-eabi/lib/thumb/v8-m.main+fp/hard/libc.a(libc_a-exit.o) (__stdio_exit_handler)
/usr/local/arm/arm-gnu-toolchain-14.3.rel1-darwin-arm64-arm-none-eabi/bin/../lib/gcc/arm-none-eabi/14.3.1/../../../../arm-none-eabi/lib/thumb/v8-m.main+fp/hard/libc.a(libc_a-vsnprintf.o)
                              build/framework/built-in.o (vsnprintf)
/usr/local/arm/arm-gnu-toolchain-14.3.rel1-darwin-arm64-arm-none-eabi/bin/../lib/gcc/arm-none-eabi/14.3.1/../../../../arm-none-eabi/lib/thumb/v8-m.main+fp/hard/libc.a(libc_a-memset.o)
                              /usr/local/arm/arm-gnu-toolchain-14.3.rel1-darwin-arm64-arm-none-eabi/bin/../lib/gcc/arm-none-eabi/14.3.1/../../../../arm-none-eabi/lib/thumb/v8-m.main+fp/hard/crt0.o (memset)
/usr/local/arm/arm-gnu-toolchain-14.3.rel1-darwin-arm64-arm-none-eabi/bin/../lib/gcc/arm-none-eabi/14.3.1/../../../../arm-none-eabi/lib/thumb/v8-m.main+fp/hard/libc.a(libc_a-impure.o)
                              /usr/local/arm/arm-gnu-toolchain-14.3.rel1-darwin-arm64-arm-none-eabi/bin/../lib/gcc/arm-none-eabi/14.3.1/../../../../arm-none-eabi/lib/thumb/v8-m.main+fp/hard/libc.a(libc_a-malloc.o) (_impure_ptr)
/usr/local/arm/arm-gnu-toolchain-14.3.rel1-darwin-arm64-arm-none-eabi/bin/../lib/gcc/arm-none-eabi/14.3.1/../../../../arm-none-eabi/lib/thumb/v8-m.main+fp/hard/libc.a(libc_a-sbrkr.o)
                              /usr/local/arm/arm-gnu-toolchain-14.3.rel1-darwin-arm64-arm-none-eabi/bin/../lib/gcc/arm-none-eabi/14.3.1/../../../../arm-none-eabi/lib/thumb/v8-m.main+fp/hard/libc.a(libc_a-mallocr.o) (_sbrk_r)
/usr/local/arm/arm-gnu-toolchain-14.3.rel1-darwin-arm64-arm-none-eabi/bin/../lib/gcc/arm-none-eabi/14.3.1/../../../../arm-none-eabi/lib/thumb/v8-m.main+fp/hard/libc.a(libc_a-errno.o)
                              build/framework/built-in.o (__errno)
/usr/local/arm/arm-gnu-toolchain-14.3.rel1-darwin-arm64-arm-none-eabi/bin/../lib/gcc/arm-none-eabi/14.3.1/../../../../arm-none-eabi/lib/thumb/v8-m.main+fp/hard/libc.a(libc_a-sysconf.o)
                              /usr/local/arm/arm-gnu-toolchain-14.3.rel1-darwin-arm64-arm-none-eabi/bin/../lib/gcc/arm-none-eabi/14.3.1/../../../../arm-none-eabi/lib/thumb/v8-m.main+fp/hard/libc.a(libc_a-mallocr.o) (sysconf)
/usr/local/arm/arm-gnu-toolchain-14.3.rel1-darwin-arm64-arm-none-eabi/bin/../lib/gcc/arm-none-eabi/14.3.1/../../../../arm-none-eabi/lib/thumb/v8-m.main+fp/hard/libc.a(libc_a-init.o)
[...]
Memory Configuration

Name             Origin             Length             Attributes
RAM              0x20000000         0x000a0000         xrw
FLASH            0x08000000         0x00200000         xr
*default*        0x00000000         0xffffffff

Linker script and memory map

LOAD /usr/local/arm/arm-gnu-toolchain-14.3.rel1-darwin-arm64-arm-none-eabi/bin/../lib/gcc/arm-none-eabi/14.3.1/thumb/v8-m.main+fp/hard/crti.o
LOAD /usr/local/arm/arm-gnu-toolchain-14.3.rel1-darwin-arm64-arm-none-eabi/bin/../lib/gcc/arm-none-eabi/14.3.1/thumb/v8-m.main+fp/hard/crtbegin.o
LOAD /usr/local/arm/arm-gnu-toolchain-14.3.rel1-darwin-arm64-arm-none-eabi/bin/../lib/gcc/arm-none-eabi/14.3.1/../../../../arm-none-eabi/lib/thumb/v8-m.main+fp/hard/crt0.o
LOAD build/third_party/built-in.o
LOAD build/hal/built-in.o
LOAD build/osal/built-in.o
LOAD build/framework/built-in.o
LOAD build/app/built-in.o
LOAD /usr/local/arm/arm-gnu-toolchain-14.3.rel1-darwin-arm64-arm-none-eabi/bin/../lib/gcc/arm-none-eabi/14.3.1/../../../../arm-none-eabi/lib/thumb/v8-m.main+fp/hard/libc.a
LOAD /usr/local/arm/arm-gnu-toolchain-14.3.rel1-darwin-arm64-arm-none-eabi/bin/../lib/gcc/arm-none-eabi/14.3.1/../../../../arm-none-eabi/lib/thumb/v8-m.main+fp/hard/libm.a
LOAD /usr/local/arm/arm-gnu-toolchain-14.3.rel1-darwin-arm64-arm-none-eabi/bin/../lib/gcc/arm-none-eabi/14.3.1/../../../../arm-none-eabi/lib/thumb/v8-m.main+fp/hard/libnosys.a
LOAD /usr/local/arm/arm-gnu-toolchain-14.3.rel1-darwin-arm64-arm-none-eabi/bin/../lib/gcc/arm-none-eabi/14.3.1/thumb/v8-m.main+fp/hard/libgcc.a
START GROUP
LOAD /usr/local/arm/arm-gnu-toolchain-14.3.rel1-darwin-arm64-arm-none-eabi/bin/../lib/gcc/arm-none-eabi/14.3.1/thumb/v8-m.main+fp/hard/libgcc.a
LOAD /usr/local/arm/arm-gnu-toolchain-14.3.rel1-darwin-arm64-arm-none-eabi/bin/../lib/gcc/arm-none-eabi/14.3.1/../../../../arm-none-eabi/lib/thumb/v8-m.main+fp/hard/libc.a
END GROUP
START GROUP
LOAD /usr/local/arm/arm-gnu-toolchain-14.3.rel1-darwin-arm64-arm-none-eabi/bin/../lib/gcc/arm-none-eabi/14.3.1/thumb/v8-m.main+fp/hard/libgcc.a
LOAD /usr/local/arm/arm-gnu-toolchain-14.3.rel1-darwin-arm64-arm-none-eabi/bin/../lib/gcc/arm-none-eabi/14.3.1/../../../../arm-none-eabi/lib/thumb/v8-m.main+fp/hard/libc.a
LOAD /usr/local/arm/arm-gnu-toolchain-14.3.rel1-darwin-arm64-arm-none-eabi/bin/../lib/gcc/arm-none-eabi/14.3.1/../../../../arm-none-eabi/lib/thumb/v8-m.main+fp/hard/libnosys.a
END GROUP
LOAD /usr/local/arm/arm-gnu-toolchain-14.3.rel1-darwin-arm64-arm-none-eabi/bin/../lib/gcc/arm-none-eabi/14.3.1/thumb/v8-m.main+fp/hard/crtend.o
LOAD /usr/local/arm/arm-gnu-toolchain-14.3.rel1-darwin-arm64-arm-none-eabi/bin/../lib/gcc/arm-none-eabi/14.3.1/thumb/v8-m.main+fp/hard/crtn.o
                0x200a0000                        _estack = (ORIGIN (RAM) + LENGTH (RAM))
                0x00000800                        _Min_Heap_Size = DEFINED (_Min_Heap_Size)?_Min_Heap_Size:0x800
                0x00000800                        _Min_Stack_Size = DEFINED (_Min_Stack_Size)?_Min_Stack_Size:0x800

.isr_vector     0x08000000      0x24c
                0x08000000                        . = ALIGN (0x4)
 *(.isr_vector)
 .isr_vector    0x08000000      0x24c build/third_party/built-in.o
                0x08000000                g_pfnVectors
                0x0800024c                        . = ALIGN (0x4)

.text           0x08000250     0xec0c
                0x08000250                        . = ALIGN (0x4)
 *(.text)
 .text          0x08000250      0x1e0 build/third_party/built-in.o
                0x08000250                rt_hw_interrupt_disable
                0x08000258                rt_hw_interrupt_enable
                0x0800025e                rt_hw_context_switch_interrupt
                0x0800025e                rt_hw_context_switch
                0x0800027e                PendSV_Handler
                0x0800033e                rt_hw_context_switch_to
                0x0800038c                rt_hw_interrupt_thread_switch
                0x08000390                HardFault_Handler
                0x080003f8                tzcall
                0x08000414                SVC_Handler
 .text          0x08000430       0xec /usr/local/arm/arm-gnu-toolchain-14.3.rel1-darwin-arm64-arm-none-eabi/bin/../lib/gcc/arm-none-eabi/14.3.1/../../../../arm-none-eabi/lib/thumb/v8-m.main+fp/hard/libc.a(libc_a-memcpy.o)
                0x08000430                memcpy
 .text          0x0800051c      0x378 /usr/local/arm/arm-gnu-toolchain-14.3.rel1-darwin-arm64-arm-none-eabi/bin/../lib/gcc/arm-none-eabi/14.3.1/thumb/v8-m.main+fp/hard/libgcc.a(_arm_addsubdf3.o)
                0x0800051c                __aeabi_drsub
                0x08000524                __subdf3
                0x08000524                __aeabi_dsub
                0x08000528                __aeabi_dadd
                0x08000528                __adddf3
                0x080007a0                __aeabi_ui2d
                0x080007a0                __floatunsidf
                0x080007c0                __floatsidf
                0x080007c0                __aeabi_i2d
                0x080007e4                __extendsfdf2
                0x080007e4                __aeabi_f2d
                0x08000828                __aeabi_ul2d
                0x08000828                __floatundidf
                0x08000838                __aeabi_l2d
                0x08000838                __floatdidf
 .text          0x08000894      0x424 /usr/local/arm/arm-gnu-toolchain-14.3.rel1-darwin-arm64-arm-none-eabi/bin/../lib/gcc/arm-none-eabi/14.3.1/thumb/v8-m.main+fp/hard/libgcc.a(_arm_muldivdf3.o)
                0x08000894                __aeabi_dmul
                0x08000894                __muldf3
                0x08000ae8                __aeabi_ddiv
                0x08000ae8                __divdf3
 .text          0x08000cb8      0x110 /usr/local/arm/arm-gnu-toolchain-14.3.rel1-darwin-arm64-arm-none-eabi/bin/../lib/gcc/arm-none-eabi/14.3.1/thumb/v8-m.main+fp/hard/libgcc.a(_arm_cmpdf2.o)
                0x08000cb8                __gedf2
                0x08000cb8                __gtdf2
                0x08000cc0                __ledf2
                0x08000cc0                __ltdf2
                0x08000cc8                __cmpdf2
                0x08000cc8                __eqdf2
                0x08000cc8                __nedf2
                0x08000d44                __aeabi_cdrcmple
                0x08000d54                __aeabi_cdcmple
                0x08000d54                __aeabi_cdcmpeq
                0x08000d64                __aeabi_dcmpeq
                0x08000d78                __aeabi_dcmplt
                0x08000d8c                __aeabi_dcmple
                0x08000da0                __aeabi_dcmpge
                0x08000db4                __aeabi_dcmpgt
 .text          0x08000dc8       0x2c /usr/local/arm/arm-gnu-toolchain-14.3.rel1-darwin-arm64-arm-none-eabi/bin/../lib/gcc/arm-none-eabi/14.3.1/thumb/v8-m.main+fp/hard/libgcc.a(_arm_unorddf2.o)
                0x08000dc8                __aeabi_dcmpun
                0x08000dc8                __unorddf2
 .text          0x08000df4       0x50 /usr/local/arm/arm-gnu-toolchain-14.3.rel1-darwin-arm64-arm-none-eabi/bin/../lib/gcc/arm-none-eabi/14.3.1/thumb/v8-m.main+fp/hard/libgcc.a(_arm_fixdfsi.o)
                0x08000df4                __fixdfsi
                0x08000df4                __aeabi_d2iz
 .text          0x08000e44       0x30 /usr/local/arm/arm-gnu-toolchain-14.3.rel1-darwin-arm64-arm-none-eabi/bin/../lib/gcc/arm-none-eabi/14.3.1/thumb/v8-m.main+fp/hard/libgcc.a(_aeabi_uldivmod.o)
                0x08000e44                __aeabi_uldivmod
 .text          0x08000e74        0x4 /usr/local/arm/arm-gnu-toolchain-14.3.rel1-darwin-arm64-arm-none-eabi/bin/../lib/gcc/arm-none-eabi/14.3.1/thumb/v8-m.main+fp/hard/libgcc.a(_dvmd_tls.o)
                0x08000e74                __aeabi_ldiv0
                0x08000e74                __aeabi_idiv0
 *(.text*)
 .text.deregister_tm_clones
                0x08000e78       0x1c /usr/local/arm/arm-gnu-toolchain-14.3.rel1-darwin-arm64-arm-none-eabi/bin/../lib/gcc/arm-none-eabi/14.3.1/thumb/v8-m.main+fp/hard/crtbegin.o
 .text.register_tm_clones
                0x08000e94       0x28 /usr/local/arm/arm-gnu-toolchain-14.3.rel1-darwin-arm64-arm-none-eabi/bin/../lib/gcc/arm-none-eabi/14.3.1/thumb/v8-m.main+fp/hard/crtbegin.o
 .text.__do_global_dtors_aux
                0x08000ebc       0x28 /usr/local/arm/arm-gnu-toolchain-14.3.rel1-darwin-arm64-arm-none-eabi/bin/../lib/gcc/arm-none-eabi/14.3.1/thumb/v8-m.main+fp/hard/crtbegin.o
 .text.frame_dummy
                0x08000ee4       0x24 /usr/local/arm/arm-gnu-toolchain-14.3.rel1-darwin-arm64-arm-none-eabi/bin/../lib/gcc/arm-none-eabi/14.3.1/thumb/v8-m.main+fp/hard/crtbegin.o
 .text.WWDG_IRQHandler
                0x08000f08        0xa build/third_party/built-in.o
                0x08000f08                WWDG_IRQHandler
 .text.PVD_AVD_IRQHandler
                0x08000f12        0xa build/third_party/built-in.o
                0x08000f12                PVD_AVD_IRQHandler
 .text.RTC_IRQHandler
                0x08000f1c        0xa build/third_party/built-in.o
                0x08000f1c                RTC_IRQHandler
 .text.RTC_S_IRQHandler
                0x08000f26        0xa build/third_party/built-in.o
                0x08000f26                RTC_S_IRQHandler
 .text.TAMP_IRQHandler
                0x08000f30        0xa build/third_party/built-in.o
                0x08000f30                TAMP_IRQHandler
 .text.RAMCFG_IRQHandler
                0x08000f3a        0xa build/third_party/built-in.o
                0x08000f3a                RAMCFG_IRQHandler
 .text.FLASH_IRQHandler
                0x08000f44        0xa build/third_party/built-in.o
                0x08000f44                FLASH_IRQHandler
 .text.FLASH_S_IRQHandler
                0x08000f4e        0xa build/third_party/built-in.o
                0x08000f4e                FLASH_S_IRQHandler
 .text.GTZC_IRQHandler
                0x08000f58        0xa build/third_party/built-in.o
                0x08000f58                GTZC_IRQHandler
 .text.RCC_IRQHandler
                0x08000f62        0xa build/third_party/built-in.o
                0x08000f62                RCC_IRQHandler
 .text.RCC_S_IRQHandler
                0x08000f6c        0xa build/third_party/built-in.o
                0x08000f6c                RCC_S_IRQHandler
 .text.EXTI0_IRQHandler
                0x08000f76        0xa build/third_party/built-in.o
                0x08000f76                EXTI0_IRQHandler
 .text.EXTI1_IRQHandler
                0x08000f80        0xa build/third_party/built-in.o
                0x08000f80                EXTI1_IRQHandler
 .text.EXTI2_IRQHandler
                0x08000f8a        0xa build/third_party/built-in.o
                0x08000f8a                EXTI2_IRQHandler
 .text.EXTI3_IRQHandler
                0x08000f94        0xa build/third_party/built-in.o
                0x08000f94                EXTI3_IRQHandler
 .text.EXTI4_IRQHandler
                0x08000f9e        0xa build/third_party/built-in.o
                0x08000f9e                EXTI4_IRQHandler
 .text.EXTI5_IRQHandler
                0x08000fa8        0xa build/third_party/built-in.o
                0x08000fa8                EXTI5_IRQHandler
 .text.EXTI6_IRQHandler
                0x08000fb2        0xa build/third_party/built-in.o
                0x08000fb2                EXTI6_IRQHandler
 .text.EXTI7_IRQHandler
                0x08000fbc        0xa build/third_party/built-in.o
                0x08000fbc                EXTI7_IRQHandler
 .text.EXTI8_IRQHandler
                0x08000fc6        0xa build/third_party/built-in.o
                0x08000fc6                EXTI8_IRQHandler
 .text.EXTI9_IRQHandler
                0x08000fd0        0xa build/third_party/built-in.o
                0x08000fd0                EXTI9_IRQHandler
 .text.EXTI10_IRQHandler
                0x08000fda        0xa build/third_party/built-in.o
                0x08000fda                EXTI10_IRQHandler
 .text.EXTI11_IRQHandler
                0x08000fe4        0xa build/third_party/built-in.o
                0x08000fe4                EXTI11_IRQHandler
 .text.EXTI12_IRQHandler
                0x08000fee        0xa build/third_party/built-in.o
                0x08000fee                EXTI12_IRQHandler
 .text.EXTI13_IRQHandler
                0x08000ff8        0xa build/third_party/built-in.o
                0x08000ff8                EXTI13_IRQHandler
 .text.EXTI14_IRQHandler
                0x08001002        0xa build/third_party/built-in.o
                0x08001002                EXTI14_IRQHandler
 .text.EXTI15_IRQHandler
                0x0800100c        0xa build/third_party/built-in.o
                0x0800100c                EXTI15_IRQHandler
 .text.GPDMA1_Channel0_IRQHandler
                0x08001016        0xa build/third_party/built-in.o
                0x08001016                GPDMA1_Channel0_IRQHandler
 .text.GPDMA1_Channel1_IRQHandler
                0x08001020        0xa build/third_party/built-in.o
                0x08001020                GPDMA1_Channel1_IRQHandler
 .text.GPDMA1_Channel2_IRQHandler
                0x0800102a        0xa build/third_party/built-in.o
                0x0800102a                GPDMA1_Channel2_IRQHandler
 .text.GPDMA1_Channel3_IRQHandler
                0x08001034        0xa build/third_party/built-in.o
                0x08001034                GPDMA1_Channel3_IRQHandler
 .text.GPDMA1_Channel4_IRQHandler
                0x0800103e        0xa build/third_party/built-in.o
                0x0800103e                GPDMA1_Channel4_IRQHandler
 .text.GPDMA1_Channel5_IRQHandler
                0x08001048        0xa build/third_party/built-in.o
                0x08001048                GPDMA1_Channel5_IRQHandler
 .text.GPDMA1_Channel6_IRQHandler
                0x08001052        0xa build/third_party/built-in.o
                0x08001052                GPDMA1_Channel6_IRQHandler
 .text.GPDMA1_Channel7_IRQHandler
                0x0800105c        0xa build/third_party/built-in.o
                0x0800105c                GPDMA1_Channel7_IRQHandler
 .text.IWDG_IRQHandler
                0x08001066        0xa build/third_party/built-in.o
                0x08001066                IWDG_IRQHandler
 .text.ADC1_IRQHandler
                0x08001070        0xa build/third_party/built-in.o
                0x08001070                ADC1_IRQHandler
 .text.DAC1_IRQHandler
                0x0800107a        0xa build/third_party/built-in.o
                0x0800107a                DAC1_IRQHandler
 .text.FDCAN1_IT0_IRQHandler
                0x08001084        0xa build/third_party/built-in.o
                0x08001084                FDCAN1_IT0_IRQHandler
 .text.FDCAN1_IT1_IRQHandler
                0x0800108e        0xa build/third_party/built-in.o
                0x0800108e                FDCAN1_IT1_IRQHandler
 .text.TIM1_BRK_IRQHandler
                0x08001098        0xa build/third_party/built-in.o
                0x08001098                TIM1_BRK_IRQHandler
 .text.TIM1_UP_IRQHandler
                0x080010a2        0xa build/third_party/built-in.o
                0x080010a2                TIM1_UP_IRQHandler
 .text.TIM1_TRG_COM_IRQHandler
                0x080010ac        0xa build/third_party/built-in.o
                0x080010ac                TIM1_TRG_COM_IRQHandler
 .text.TIM1_CC_IRQHandler
                0x080010b6        0xa build/third_party/built-in.o
                0x080010b6                TIM1_CC_IRQHandler
 .text.TIM2_IRQHandler
                0x080010c0        0xa build/third_party/built-in.o
                0x080010c0                TIM2_IRQHandler
 .text.TIM3_IRQHandler
                0x080010ca        0xa build/third_party/built-in.o
                0x080010ca                TIM3_IRQHandler
 .text.TIM4_IRQHandler
                0x080010d4        0xa build/third_party/built-in.o
                0x080010d4                TIM4_IRQHandler
 .text.TIM5_IRQHandler
                0x080010de        0xa build/third_party/built-in.o
                0x080010de                TIM5_IRQHandler
 .text.TIM6_IRQHandler
                0x080010e8        0xa build/third_party/built-in.o
                0x080010e8                TIM6_IRQHandler
 .text.TIM7_IRQHandler
                0x080010f2        0xa build/third_party/built-in.o
                0x080010f2                TIM7_IRQHandler
 .text.I2C1_EV_IRQHandler
                0x080010fc        0xa build/third_party/built-in.o
                0x080010fc                I2C1_EV_IRQHandler
 .text.I2C1_ER_IRQHandler
                0x08001106        0xa build/third_party/built-in.o
                0x08001106                I2C1_ER_IRQHandler
 .text.I2C2_EV_IRQHandler
                0x08001110        0xa build/third_party/built-in.o
                0x08001110                I2C2_EV_IRQHandler
 .text.I2C2_ER_IRQHandler
                0x0800111a        0xa build/third_party/built-in.o
                0x0800111a                I2C2_ER_IRQHandler
 .text.SPI1_IRQHandler
                0x08001124        0xa build/third_party/built-in.o
                0x08001124                SPI1_IRQHandler
 .text.SPI2_IRQHandler
                0x0800112e        0xa build/third_party/built-in.o
                0x0800112e                SPI2_IRQHandler
 .text.SPI3_IRQHandler
                0x08001138        0xa build/third_party/built-in.o
                0x08001138                SPI3_IRQHandler
 .text.USART1_IRQHandler
                0x08001142        0xa build/third_party/built-in.o
                0x08001142                USART1_IRQHandler
 .text.USART2_IRQHandler
                0x0800114c        0xa build/third_party/built-in.o
                0x0800114c                USART2_IRQHandler
 .text.USART3_IRQHandler
                0x08001156        0xa build/third_party/built-in.o
                0x08001156                USART3_IRQHandler
 .text.UART4_IRQHandler
                0x08001160        0xa build/third_party/built-in.o
                0x08001160                UART4_IRQHandler
 .text.UART5_IRQHandler
                0x0800116a        0xa build/third_party/built-in.o
                0x0800116a                UART5_IRQHandler
 .text.LPUART1_IRQHandler
                0x08001174        0xa build/third_party/built-in.o
                0x08001174                LPUART1_IRQHandler
 .text.LPTIM1_IRQHandler
                0x0800117e        0xa build/third_party/built-in.o
                0x0800117e                LPTIM1_IRQHandler
 .text.TIM8_BRK_IRQHandler
                0x08001188        0xa build/third_party/built-in.o
                0x08001188                TIM8_BRK_IRQHandler
 .text.TIM8_UP_IRQHandler
                0x08001192        0xa build/third_party/built-in.o
                0x08001192                TIM8_UP_IRQHandler
 .text.TIM8_TRG_COM_IRQHandler
                0x0800119c        0xa build/third_party/built-in.o
                0x0800119c                TIM8_TRG_COM_IRQHandler
 .text.TIM8_CC_IRQHandler
                0x080011a6        0xa build/third_party/built-in.o
                0x080011a6                TIM8_CC_IRQHandler
 .text.ADC2_IRQHandler
                0x080011b0        0xa build/third_party/built-in.o
                0x080011b0                ADC2_IRQHandler
 .text.LPTIM2_IRQHandler
                0x080011ba        0xa build/third_party/built-in.o
                0x080011ba                LPTIM2_IRQHandler
 .text.TIM15_IRQHandler
                0x080011c4        0xa build/third_party/built-in.o
                0x080011c4                TIM15_IRQHandler
 .text.TIM16_IRQHandler
                0x080011ce        0xa build/third_party/built-in.o
                0x080011ce                TIM16_IRQHandler
 .text.TIM17_IRQHandler
                0x080011d8        0xa build/third_party/built-in.o
                0x080011d8                TIM17_IRQHandler
 .text.USB_DRD_FS_IRQHandler
                0x080011e2        0xa build/third_party/built-in.o
                0x080011e2                USB_DRD_FS_IRQHandler
 .text.CRS_IRQHandler
                0x080011ec        0xa build/third_party/built-in.o
                0x080011ec                CRS_IRQHandler
 .text.UCPD1_IRQHandler
                0x080011f6        0xa build/third_party/built-in.o
                0x080011f6                UCPD1_IRQHandler
 .text.FMC_IRQHandler
                0x08001200        0xa build/third_party/built-in.o
                0x08001200                FMC_IRQHandler
 .text.OCTOSPI1_IRQHandler
                0x0800120a        0xa build/third_party/built-in.o
                0x0800120a                OCTOSPI1_IRQHandler
 .text.SDMMC1_IRQHandler
                0x08001214        0xa build/third_party/built-in.o
                0x08001214                SDMMC1_IRQHandler
 .text.I2C3_EV_IRQHandler
                0x0800121e        0xa build/third_party/built-in.o
                0x0800121e                I2C3_EV_IRQHandler
 .text.I2C3_ER_IRQHandler
                0x08001228        0xa build/third_party/built-in.o
                0x08001228                I2C3_ER_IRQHandler
 .text.SPI4_IRQHandler
                0x08001232        0xa build/third_party/built-in.o
                0x08001232                SPI4_IRQHandler
 .text.SPI5_IRQHandler
                0x0800123c        0xa build/third_party/built-in.o
                0x0800123c                SPI5_IRQHandler
 .text.SPI6_IRQHandler
                0x08001246        0xa build/third_party/built-in.o
                0x08001246                SPI6_IRQHandler
 .text.USART6_IRQHandler
                0x08001250        0xa build/third_party/built-in.o
                0x08001250                USART6_IRQHandler
 .text.USART10_IRQHandler
                0x0800125a        0xa build/third_party/built-in.o
                0x0800125a                USART10_IRQHandler
 .text.USART11_IRQHandler
                0x08001264        0xa build/third_party/built-in.o
                0x08001264                USART11_IRQHandler
 .text.SAI1_IRQHandler
                0x0800126e        0xa build/third_party/built-in.o
                0x0800126e                SAI1_IRQHandler
 .text.SAI2_IRQHandler
                0x08001278        0xa build/third_party/built-in.o
                0x08001278                SAI2_IRQHandler
 .text.GPDMA2_Channel0_IRQHandler
                0x08001282        0xa build/third_party/built-in.o
                0x08001282                GPDMA2_Channel0_IRQHandler
 .text.GPDMA2_Channel1_IRQHandler
                0x0800128c        0xa build/third_party/built-in.o
                0x0800128c                GPDMA2_Channel1_IRQHandler
 .text.GPDMA2_Channel2_IRQHandler
                0x08001296        0xa build/third_party/built-in.o
                0x08001296                GPDMA2_Channel2_IRQHandler
 .text.GPDMA2_Channel3_IRQHandler
                0x080012a0        0xa build/third_party/built-in.o
                0x080012a0                GPDMA2_Channel3_IRQHandler
 .text.GPDMA2_Channel4_IRQHandler
                0x080012aa        0xa build/third_party/built-in.o
                0x080012aa                GPDMA2_Channel4_IRQHandler
 .text.GPDMA2_Channel5_IRQHandler
                0x080012b4        0xa build/third_party/built-in.o
                0x080012b4                GPDMA2_Channel5_IRQHandler
 .text.GPDMA2_Channel6_IRQHandler
                0x080012be        0xa build/third_party/built-in.o
                0x080012be                GPDMA2_Channel6_IRQHandler
 .text.GPDMA2_Channel7_IRQHandler
                0x080012c8        0xa build/third_party/built-in.o
                0x080012c8                GPDMA2_Channel7_IRQHandler
 .text.UART7_IRQHandler
                0x080012d2        0xa build/third_party/built-in.o
                0x080012d2                UART7_IRQHandler
 .text.UART8_IRQHandler
                0x080012dc        0xa build/third_party/built-in.o
                0x080012dc                UART8_IRQHandler
 .text.UART9_IRQHandler
                0x080012e6        0xa build/third_party/built-in.o
                0x080012e6                UART9_IRQHandler
 .text.UART12_IRQHandler
                0x080012f0        0xa build/third_party/built-in.o
                0x080012f0                UART12_IRQHandler
 .text.SDMMC2_IRQHandler
                0x080012fa        0xa build/third_party/built-in.o
                0x080012fa                SDMMC2_IRQHandler
 .text.FPU_IRQHandler
                0x08001304        0xa build/third_party/built-in.o
                0x08001304                FPU_IRQHandler
 .text.ICACHE_IRQHandler
                0x0800130e        0xa build/third_party/built-in.o
                0x0800130e                ICACHE_IRQHandler
 .text.DCACHE1_IRQHandler
                0x08001318        0xa build/third_party/built-in.o
                0x08001318                DCACHE1_IRQHandler
 .text.ETH_IRQHandler
                0x08001322        0xa build/third_party/built-in.o
                0x08001322                ETH_IRQHandler
 .text.ETH_WKUP_IRQHandler
                0x0800132c        0xa build/third_party/built-in.o
                0x0800132c                ETH_WKUP_IRQHandler
 .text.DCMI_PSSI_IRQHandler
                0x08001336        0xa build/third_party/built-in.o
                0x08001336                DCMI_PSSI_IRQHandler
 .text.FDCAN2_IT0_IRQHandler
                0x08001340        0xa build/third_party/built-in.o
                0x08001340                FDCAN2_IT0_IRQHandler
 .text.FDCAN2_IT1_IRQHandler
                0x0800134a        0xa build/third_party/built-in.o
                0x0800134a                FDCAN2_IT1_IRQHandler
 .text.CORDIC_IRQHandler
                0x08001354        0xa build/third_party/built-in.o
                0x08001354                CORDIC_IRQHandler
 .text.FMAC_IRQHandler
                0x0800135e        0xa build/third_party/built-in.o
                0x0800135e                FMAC_IRQHandler
 .text.DTS_IRQHandler
                0x08001368        0xa build/third_party/built-in.o
                0x08001368                DTS_IRQHandler
 .text.RNG_IRQHandler
                0x08001372        0xa build/third_party/built-in.o
                0x08001372                RNG_IRQHandler
 .text.HASH_IRQHandler
                0x0800137c        0xa build/third_party/built-in.o
                0x0800137c                HASH_IRQHandler
 .text.CEC_IRQHandler
                0x08001386        0xa build/third_party/built-in.o
                0x08001386                CEC_IRQHandler
 .text.TIM12_IRQHandler
                0x08001390        0xa build/third_party/built-in.o
                0x08001390                TIM12_IRQHandler
 .text.TIM13_IRQHandler
                0x0800139a        0xa build/third_party/built-in.o
                0x0800139a                TIM13_IRQHandler
 .text.TIM14_IRQHandler
                0x080013a4        0xa build/third_party/built-in.o
                0x080013a4                TIM14_IRQHandler
 .text.I3C1_EV_IRQHandler
                0x080013ae        0xa build/third_party/built-in.o
                0x080013ae                I3C1_EV_IRQHandler
 .text.I3C1_ER_IRQHandler
                0x080013b8        0xa build/third_party/built-in.o
                0x080013b8                I3C1_ER_IRQHandler
 .text.I2C4_EV_IRQHandler
                0x080013c2        0xa build/third_party/built-in.o
                0x080013c2                I2C4_EV_IRQHandler
 .text.I2C4_ER_IRQHandler
                0x080013cc        0xa build/third_party/built-in.o
                0x080013cc                I2C4_ER_IRQHandler
 .text.LPTIM3_IRQHandler
                0x080013d6        0xa build/third_party/built-in.o
                0x080013d6                LPTIM3_IRQHandler
 .text.LPTIM4_IRQHandler
                0x080013e0        0xa build/third_party/built-in.o
                0x080013e0                LPTIM4_IRQHandler
 .text.LPTIM5_IRQHandler
                0x080013ea        0xa build/third_party/built-in.o
                0x080013ea                LPTIM5_IRQHandler
 .text.LPTIM6_IRQHandler
                0x080013f4        0xa build/third_party/built-in.o
                0x080013f4                LPTIM6_IRQHandler
 .text.Reset_Handler
                0x080013fe       0x14 build/third_party/built-in.o
                0x080013fe                Reset_Handler
 .text.Default_Handler
                0x08001412        0x2 build/third_party/built-in.o
                0x08001412                Default_Handler
 .text.NMI_Handler
                0x08001414        0x8 build/third_party/built-in.o
                0x08001414                NMI_Handler
 .text.MemManage_Handler
                0x0800141c        0x8 build/third_party/built-in.o
                0x0800141c                MemManage_Handler
 .text.BusFault_Handler
                0x08001424        0x8 build/third_party/built-in.o
                0x08001424                BusFault_Handler
 .text.UsageFault_Handler
                0x0800142c        0x8 build/third_party/built-in.o
                0x0800142c                UsageFault_Handler
 .text.SecureFault_Handler
                0x08001434        0x8 build/third_party/built-in.o
                0x08001434                SecureFault_Handler
 .text.DebugMon_Handler
                0x0800143c        0x8 build/third_party/built-in.o
                0x0800143c                DebugMon_Handler
 .text.SystemInit
                0x08001444       0xac build/third_party/built-in.o
                0x0800144c                SystemInit
 .text.rt_hw_stack_init
                0x080014f0       0x60 build/third_party/built-in.o
                0x080014f0                rt_hw_stack_init
 .text.rt_hw_hard_fault_exception
                0x08001550       0x18 build/third_party/built-in.o
                0x08001550                rt_hw_hard_fault_exception
 .text.TZ_AllocModuleContext_S
                0x08001568        0x4 build/third_party/built-in.o
                0x08001568                TZ_AllocModuleContext_S
 .text.rt_trustzone_context_store
                0x0800156c        0x2 build/third_party/built-in.o
                0x0800156c                rt_trustzone_context_store
 .text.rt_trustzone_context_load
                0x0800156e        0x2 build/third_party/built-in.o
                0x0800156e                rt_trustzone_context_load
 .text.rt_secure_svc_handle
                0x08001570       0x34 build/third_party/built-in.o
                0x08001570                rt_secure_svc_handle
 .text._thread_init
                0x080015a4       0x78 build/third_party/built-in.o
 .text._thread_timeout
                0x0800161c       0x34 build/third_party/built-in.o
 .text.rt_thread_init
                0x08001650       0x36 build/third_party/built-in.o
                0x08001650                rt_thread_init
 *fill*         0x08001686        0x2 
 .text.rt_thread_self
                0x08001688        0xc build/third_party/built-in.o
                0x08001688                rt_thread_self
 .text._thread_exit
                0x08001694       0x34 build/third_party/built-in.o
 .text.rt_thread_detach
                0x080016c8       0x3c build/third_party/built-in.o
                0x080016c8                rt_thread_detach
 .text.rt_thread_create
                0x08001704       0x50 build/third_party/built-in.o
                0x08001704                rt_thread_create
 .text.rt_thread_delete
                0x08001754       0x3c build/third_party/built-in.o
                0x08001754                rt_thread_delete
 .text.rt_thread_suspend
                0x08001790       0x48 build/third_party/built-in.o
                0x08001790                rt_thread_suspend
 .text.rt_thread_resume
                0x080017d8       0x46 build/third_party/built-in.o
                0x080017d8                rt_thread_resume
 .text.rt_thread_startup
                0x0800181e       0x24 build/third_party/built-in.o
                0x0800181e                rt_thread_startup
 .text.rt_thread_control
                0x08001842       0x80 build/third_party/built-in.o
                0x08001842                rt_thread_control
 .text.rti_start
                0x080018c2        0x4 build/third_party/built-in.o
 .text.rti_board_start
                0x080018c6        0x4 build/third_party/built-in.o
 .text.rti_board_end
                0x080018ca        0x4 build/third_party/built-in.o
 .text.rti_end  0x080018ce        0x4 build/third_party/built-in.o
 *fill*         0x080018d2        0x2 
 .text.rt_components_board_init
                0x080018d4       0x1c build/third_party/built-in.o
                0x080018d4                rt_components_board_init
 .text.rt_components_init
                0x080018f0       0x1c build/third_party/built-in.o
                0x080018f0                rt_components_init
 .text.main_thread_entry
                0x0800190c        0xc build/third_party/built-in.o
                0x0800190c                main_thread_entry
 .text.rt_application_init
                0x08001918       0x2c build/third_party/built-in.o
                0x08001918                rt_application_init
 .text.rtthread_startup
                0x08001944       0x2a build/third_party/built-in.o
                0x08001944                rtthread_startup
 .text._timer_init
                0x0800196e       0x32 build/third_party/built-in.o
 .text._timer_remove
                0x080019a0       0x2a build/third_party/built-in.o
 .text.rt_timer_init
                0x080019ca       0x28 build/third_party/built-in.o
                0x080019ca                rt_timer_init
 .text.rt_timer_detach
                0x080019f2       0x28 build/third_party/built-in.o
                0x080019f2                rt_timer_detach
 *fill*         0x08001a1a        0x2 
 .text.rt_timer_start
                0x08001a1c       0xa0 build/third_party/built-in.o
                0x08001a1c                rt_timer_start
 .text.rt_timer_stop
                0x08001abc       0x30 build/third_party/built-in.o
                0x08001abc                rt_timer_stop
 .text.rt_timer_control
                0x08001aec       0x5a build/third_party/built-in.o
                0x08001aec                rt_timer_control
 *fill*         0x08001b46        0x2 
 .text.rt_timer_check
                0x08001b48       0xa8 build/third_party/built-in.o
                0x08001b48                rt_timer_check
 .text.rt_system_timer_init
                0x08001bf0       0x18 build/third_party/built-in.o
                0x08001bf0                rt_system_timer_init
 .text.rt_system_timer_thread_init
                0x08001c08        0x2 build/third_party/built-in.o
                0x08001c08                rt_system_timer_thread_init
 *fill*         0x08001c0a        0x2 
 .text.rt_object_get_information
                0x08001c0c       0x24 build/third_party/built-in.o
                0x08001c0c                rt_object_get_information
 .text.rt_object_init
                0x08001c30       0x52 build/third_party/built-in.o
                0x08001c30                rt_object_init
 .text.rt_object_detach
                0x08001c82       0x24 build/third_party/built-in.o
                0x08001c82                rt_object_detach
 .text.rt_object_allocate
                0x08001ca6       0x4c build/third_party/built-in.o
                0x08001ca6                rt_object_allocate
 .text.rt_object_delete
                0x08001cf2       0x2a build/third_party/built-in.o
                0x08001cf2                rt_object_delete
 .text.rt_object_is_systemobject
                0x08001d1c       0x10 build/third_party/built-in.o
                0x08001d1c                rt_object_is_systemobject
 .text.rt_interrupt_enter
                0x08001d2c       0x1c build/third_party/built-in.o
                0x08001d2c                rt_interrupt_enter
 .text.rt_interrupt_leave
                0x08001d48       0x1c build/third_party/built-in.o
                0x08001d48                rt_interrupt_leave
 .text.skip_atoi
                0x08001d64       0x24 build/third_party/built-in.o
 .text.print_number
                0x08001d88      0x174 build/third_party/built-in.o
 .text._heap_lock
                0x08001efc       0x1c build/third_party/built-in.o
 .text._heap_unlock
                0x08001f18       0x14 build/third_party/built-in.o
 .text.rt_memset
                0x08001f2c       0x64 build/third_party/built-in.o
                0x08001f2c                rt_memset
 .text.rt_strncpy
                0x08001f90       0x2c build/third_party/built-in.o
                0x08001f90                rt_strncpy
 .text.rt_show_version
                0x08001fbc        0x2 build/third_party/built-in.o
                0x08001fbc                rt_show_version
 *fill*         0x08001fbe        0x2 
 .text.rt_vsnprintf
                0x08001fc0      0x2e0 build/third_party/built-in.o
                0x08001fc0                rt_vsnprintf
 .text.rt_vsprintf
                0x080022a0       0x10 build/third_party/built-in.o
                0x080022a0                rt_vsprintf
 .text.rt_sprintf
                0x080022b0       0x1c build/third_party/built-in.o
                0x080022b0                rt_sprintf
 .text.rt_system_heap_init
                0x080022cc       0x34 build/third_party/built-in.o
                0x080022cc                rt_system_heap_init
 .text.rt_malloc
                0x08002300       0x24 build/third_party/built-in.o
                0x08002300                rt_malloc
 .text.rt_free  0x08002324       0x1c build/third_party/built-in.o
                0x08002324                rt_free
 .text.__rt_ffs
                0x08002340       0x44 build/third_party/built-in.o
                0x08002340                __rt_ffs
 .text.plug_holes
                0x08002384       0x6a build/third_party/built-in.o
 *fill*         0x080023ee        0x2 
 .text.rt_smem_init
                0x080023f0       0x84 build/third_party/built-in.o
                0x080023f0                rt_smem_init
 .text.rt_smem_alloc
                0x08002474       0xd8 build/third_party/built-in.o
                0x08002474                rt_smem_alloc
 .text.rt_smem_free
                0x0800254c       0x36 build/third_party/built-in.o
                0x0800254c                rt_smem_free
 *fill*         0x08002582        0x2 
 .text.rt_tick_get
                0x08002584        0xc build/third_party/built-in.o
                0x08002584                rt_tick_get
 .text.rt_tick_increase
                0x08002590       0x48 build/third_party/built-in.o
                0x08002590                rt_tick_increase
 .text._ipc_list_suspend
                0x080025d8       0x64 build/third_party/built-in.o
 .text.rt_mutex_init
                0x0800263c       0x26 build/third_party/built-in.o
                0x0800263c                rt_mutex_init
 .text.rt_mutex_take
                0x08002662       0xd4 build/third_party/built-in.o
                0x08002662                rt_mutex_take
 .text.rt_mutex_release
                0x08002736       0xb8 build/third_party/built-in.o
                0x08002736                rt_mutex_release
 *fill*         0x080027ee        0x2 
 .text._scheduler_get_highest_priority_thread
                0x080027f0       0x24 build/third_party/built-in.o
 .text.rt_system_scheduler_init
                0x08002814       0x30 build/third_party/built-in.o
                0x08002814                rt_system_scheduler_init
 .text.rt_schedule_insert_thread
                0x08002844       0x90 build/third_party/built-in.o
                0x08002844                rt_schedule_insert_thread
 .text.rt_schedule_remove_thread
                0x080028d4       0x48 build/third_party/built-in.o
                0x080028d4                rt_schedule_remove_thread
 .text.rt_system_scheduler_start
                0x0800291c       0x2c build/third_party/built-in.o
                0x0800291c                rt_system_scheduler_start
 .text.rt_schedule
                0x08002948       0xf4 build/third_party/built-in.o
                0x08002948                rt_schedule
 .text.rt_enter_critical
                0x08002a3c       0x18 build/third_party/built-in.o
                0x08002a3c                rt_enter_critical
 .text.rt_exit_critical
                0x08002a54       0x3c build/third_party/built-in.o
                0x08002a54                rt_exit_critical
 .text.rt_thread_defunct_enqueue
                0x08002a90       0x18 build/third_party/built-in.o
                0x08002a90                rt_thread_defunct_enqueue
 .text.rt_thread_defunct_dequeue
                0x08002aa8       0x30 build/third_party/built-in.o
                0x08002aa8                rt_thread_defunct_dequeue
 .text.rt_defunct_execute
                0x08002ad8       0x3c build/third_party/built-in.o
 .text.rt_thread_idle_entry
                0x08002b14        0x8 build/third_party/built-in.o
 .text.rt_thread_idle_init
                0x08002b1c       0x5c build/third_party/built-in.o
                0x08002b1c                rt_thread_idle_init
 .text.rt_heap_begin_get
                0x08002b78        0x8 build/third_party/built-in.o
                0x08002b78                rt_heap_begin_get
 .text.rt_heap_end_get
                0x08002b80        0x8 build/third_party/built-in.o
                0x08002b80                rt_heap_end_get
 .text.rt_os_tick_callback
                0x08002b88       0x10 build/third_party/built-in.o
                0x08002b88                rt_os_tick_callback
 .text.rt_register_callback
                0x08002b98       0x18 build/third_party/built-in.o
                0x08002b98                rt_register_callback
 .text.rt_hw_board_init
                0x08002bb0       0x28 build/third_party/built-in.o
                0x08002bb0                rt_hw_board_init
 .text.HAL_MspInit
                0x08002bd8        0x2 build/third_party/built-in.o
                0x08002bd8                HAL_MspInit
 *fill*         0x08002bda        0x2 
 .text.HAL_InitTick
                0x08002bdc       0xac build/third_party/built-in.o
                0x08002bdc                HAL_InitTick
 .text.HAL_Init
                0x08002c88       0x48 build/third_party/built-in.o
                0x08002c88                HAL_Init
 .text.HAL_IncTick
                0x08002cd0       0x18 build/third_party/built-in.o
                0x08002cd0                HAL_IncTick
 .text.HAL_GetTick
                0x08002ce8        0xc build/third_party/built-in.o
                0x08002ce8                HAL_GetTick
 .text.HAL_RCC_GetSysClockFreq
                0x08002cf4      0x1d8 build/third_party/built-in.o
                0x08002cf4                HAL_RCC_GetSysClockFreq
 .text.HAL_RCC_ClockConfig
                0x08002ecc      0x298 build/third_party/built-in.o
                0x08002ecc                HAL_RCC_ClockConfig
 .text.HAL_RCC_GetHCLKFreq
                0x08003164       0x2c build/third_party/built-in.o
                0x08003164                HAL_RCC_GetHCLKFreq
 .text.HAL_RCC_OscConfig
                0x08003190      0x68c build/third_party/built-in.o
                0x08003190                HAL_RCC_OscConfig
 .text.HAL_RCC_GetPCLK1Freq
                0x0800381c       0x24 build/third_party/built-in.o
                0x0800381c                HAL_RCC_GetPCLK1Freq
 .text.HAL_RCC_GetPCLK2Freq
                0x08003840       0x24 build/third_party/built-in.o
                0x08003840                HAL_RCC_GetPCLK2Freq
 .text.HAL_RCC_GetPCLK3Freq
                0x08003864       0x24 build/third_party/built-in.o
                0x08003864                HAL_RCC_GetPCLK3Freq
 .text.RCCEx_PLL2_Config
                0x08003888       0xdc build/third_party/built-in.o
 .text.RCCEx_PLL3_Config
                0x08003964       0xdc build/third_party/built-in.o
 .text.HAL_RCCEx_PeriphCLKConfig
                0x08003a40     0x1108 build/third_party/built-in.o
                0x08003a40                HAL_RCCEx_PeriphCLKConfig
 .text.HAL_RCCEx_GetPLL1ClockFreq
                0x08004b48      0x218 build/third_party/built-in.o
                0x08004b48                HAL_RCCEx_GetPLL1ClockFreq
 .text.HAL_RCCEx_GetPLL2ClockFreq
                0x08004d60      0x218 build/third_party/built-in.o
                0x08004d60                HAL_RCCEx_GetPLL2ClockFreq
 .text.HAL_RCCEx_GetPLL3ClockFreq
                0x08004f78      0x218 build/third_party/built-in.o
                0x08004f78                HAL_RCCEx_GetPLL3ClockFreq
 .text.HAL_RCCEx_GetPeriphCLKFreq
                0x08005190     0x1d08 build/third_party/built-in.o
                0x08005190                HAL_RCCEx_GetPeriphCLKFreq
 .text.HAL_GPIO_Init
                0x08006e98      0x16c build/third_party/built-in.o
                0x08006e98                HAL_GPIO_Init
 .text.__NVIC_SetPriority
                0x08007004       0x28 build/third_party/built-in.o
 .text.NVIC_EncodePriority
                0x0800702c       0x3e build/third_party/built-in.o
 *fill*         0x0800706a        0x2 
 .text.HAL_NVIC_SetPriorityGrouping
                0x0800706c       0x24 build/third_party/built-in.o
                0x0800706c                HAL_NVIC_SetPriorityGrouping
 .text.HAL_NVIC_SetPriority
                0x08007090       0x20 build/third_party/built-in.o
                0x08007090                HAL_NVIC_SetPriority
 .text.HAL_SYSTICK_Config
                0x080070b0       0x20 build/third_party/built-in.o
                0x080070b0                HAL_SYSTICK_Config
 .text.HAL_SYSTICK_CLKSourceConfig
                0x080070d0       0x7c build/third_party/built-in.o
                0x080070d0                HAL_SYSTICK_CLKSourceConfig
 .text.HAL_SYSTICK_GetCLKSourceConfig
                0x0800714c       0x30 build/third_party/built-in.o
                0x0800714c                HAL_SYSTICK_GetCLKSourceConfig
 .text.HAL_ICACHE_ConfigAssociativityMode
                0x0800717c       0x24 build/third_party/built-in.o
                0x0800717c                HAL_ICACHE_ConfigAssociativityMode
 .text.HAL_ICACHE_Enable
                0x080071a0       0x14 build/third_party/built-in.o
                0x080071a0                HAL_ICACHE_Enable
 .text.UART_EndRxTransfer
                0x080071b4       0x56 build/third_party/built-in.o
 *fill*         0x0800720a        0x2 
 .text.UART_SetConfig
                0x0800720c      0x238 build/third_party/built-in.o
                0x0800720c                UART_SetConfig
 .text.UART_AdvFeatureConfig
                0x08007444       0xca build/third_party/built-in.o
                0x08007444                UART_AdvFeatureConfig
 .text.UART_WaitOnFlagUntilTimeout
                0x0800750e       0x9e build/third_party/built-in.o
                0x0800750e                UART_WaitOnFlagUntilTimeout
 .text.HAL_UART_Transmit
                0x080075ac       0xe6 build/third_party/built-in.o
                0x080075ac                HAL_UART_Transmit
 .text.UART_CheckIdleState
                0x08007692       0xca build/third_party/built-in.o
                0x08007692                UART_CheckIdleState
 .text.HAL_UART_Init
                0x0800775c       0x66 build/third_party/built-in.o
                0x0800775c                HAL_UART_Init
 *fill*         0x080077c2        0x2 
 .text.UARTEx_SetNbDataToProcess
                0x080077c4       0x4c build/third_party/built-in.o
 .text.HAL_UARTEx_DisableFifoMode
                0x08007810       0x3e build/third_party/built-in.o
                0x08007810                HAL_UARTEx_DisableFifoMode
 .text.HAL_UARTEx_SetTxFifoThreshold
                0x0800784e       0x4a build/third_party/built-in.o
                0x0800784e                HAL_UARTEx_SetTxFifoThreshold
 .text.HAL_UARTEx_SetRxFifoThreshold
                0x08007898       0x4a build/third_party/built-in.o
                0x08007898                HAL_UARTEx_SetRxFifoThreshold
 .text.hal_uart1_init
                0x080078e2        0x8 build/hal/built-in.o
                0x080078e2                hal_uart1_init
 .text.hal_system_clock_pre_init
                0x080078ea        0x8 build/hal/built-in.o
                0x080078ea                hal_system_clock_pre_init
 .text.hal_system_clock_init
                0x080078f2        0x8 build/hal/built-in.o
                0x080078f2                hal_system_clock_init
 .text.hal_system_sdk_init
                0x080078fa        0x8 build/hal/built-in.o
                0x080078fa                hal_system_sdk_init
 .text.hal_system_get_systemhandler
                0x08007902        0x8 build/hal/built-in.o
                0x08007902                hal_system_get_systemhandler
 *fill*         0x0800790a        0x2 
 .text.platform_uart1_init
                0x0800790c       0x4c build/hal/built-in.o
                0x0800790c                platform_uart1_init
 .text.HAL_UART_MspInit
                0x08007958       0x94 build/hal/built-in.o
                0x08007958                HAL_UART_MspInit
 .text._write   0x080079ec       0x1c build/hal/built-in.o
                0x080079ec                _write
 .text.platform_sdk_init
                0x08007a08        0x8 build/hal/built-in.o
                0x08007a08                platform_sdk_init
 .text.platform_get_sytemtick_handler
                0x08007a10        0x8 build/hal/built-in.o
                0x08007a10                platform_get_sytemtick_handler
 .text.platform_system_clock_pre_init
                0x08007a18        0x8 build/hal/built-in.o
                0x08007a18                platform_system_clock_pre_init
 .text.platform_system_clock_init
                0x08007a20       0xe0 build/hal/built-in.o
                0x08007a20                platform_system_clock_init
 .text.osal_system_get_systemtick_handler_callback
                0x08007b00        0x8 build/osal/built-in.o
                0x08007b00                osal_system_get_systemtick_handler_callback
 .text.osal_register_callback
                0x08007b08        0x8 build/osal/built-in.o
                0x08007b08                osal_register_callback
 .text.osal_get_need_register_to_systemtick_hander_callback_ll
                0x08007b10        0x8 build/osal/built-in.o
                0x08007b10                osal_get_need_register_to_systemtick_hander_callback_ll
 .text.osal_register_callback_ll
                0x08007b18        0x8 build/osal/built-in.o
                0x08007b18                osal_register_callback_ll
 .text.framework_system_tick_handler
                0x08007b20       0x24 build/framework/built-in.o
                0x08007b20                framework_system_tick_handler
 .text.framework_system_clock_init
                0x08007b44        0x8 build/framework/built-in.o
                0x08007b44                framework_system_clock_init
 .text.framework_data_init
                0x08007b4c       0x5c build/framework/built-in.o
                0x08007b4c                framework_data_init
 .text.framework_system_tick_callback_register
                0x08007ba8       0x24 build/framework/built-in.o
                0x08007ba8                framework_system_tick_callback_register
 .text.framework_register_os_tick_handler
                0x08007bcc        0xc build/framework/built-in.o
                0x08007bcc                framework_register_os_tick_handler
 .text.framework_sdk_base_init
                0x08007bd8       0x24 build/framework/built-in.o
                0x08007bd8                framework_sdk_base_init
 .text.framework_os_base_init
                0x08007bfc       0x10 build/framework/built-in.o
                0x08007bfc                framework_os_base_init
 .text.framework_init_os
                0x08007c0c        0x8 build/framework/built-in.o
                0x08007c0c                framework_init_os
 .text.framework_start
                0x08007c14       0x10 build/framework/built-in.o
                0x08007c14                framework_start
 .text.g_interrupt_handler
                0x08007c24       0x14 build/framework/built-in.o
 .text.framework_interrupts_init_vector_table
                0x08007c38       0x14 build/framework/built-in.o
                0x08007c38                framework_interrupts_init_vector_table
 .text.framework_interrupts_register_handler
                0x08007c4c        0xc build/framework/built-in.o
                0x08007c4c                framework_interrupts_register_handler
 .text.framework_irq_handler
                0x08007c58        0x8 build/framework/built-in.o
                0x08007c58                framework_irq_handler
 .text.SysTick_Handler
                0x08007c60        0xa build/framework/built-in.o
                0x08007c60                SysTick_Handler
 .text._getpid  0x08007c6a        0x4 build/framework/built-in.o
                0x08007c6a                _getpid
 .text._kill    0x08007c6e       0x10 build/framework/built-in.o
                0x08007c6e                _kill
 .text._exit    0x08007c7e        0xc build/framework/built-in.o
                0x08007c7e                _exit
 .text._read    0x08007c8a       0x20 build/framework/built-in.o
                0x08007c8a                _read
 .text._close   0x08007caa        0x6 build/framework/built-in.o
                0x08007caa                _close
 .text._fstat   0x08007cb0        0xa build/framework/built-in.o
                0x08007cb0                _fstat
 .text._isatty  0x08007cba        0x4 build/framework/built-in.o
                0x08007cba                _isatty
 .text._lseek   0x08007cbe        0x4 build/framework/built-in.o
                0x08007cbe                _lseek
 *fill*         0x08007cc2        0x2 
 .text.main     0x08007cc4       0x24 build/app/built-in.o
                0x08007cc4                main
 .text.malloc   0x08007ce8       0x10 /usr/local/arm/arm-gnu-toolchain-14.3.rel1-darwin-arm64-arm-none-eabi/bin/../lib/gcc/arm-none-eabi/14.3.1/../../../../arm-none-eabi/lib/thumb/v8-m.main+fp/hard/libc.a(libc_a-malloc.o)
                0x08007ce8                malloc
 .text._malloc_r
                0x08007cf8      0x578 /usr/local/arm/arm-gnu-toolchain-14.3.rel1-darwin-arm64-arm-none-eabi/bin/../lib/gcc/arm-none-eabi/14.3.1/../../../../arm-none-eabi/lib/thumb/v8-m.main+fp/hard/libc.a(libc_a-mallocr.o)
                0x08007cf8                _malloc_r
 .text.__malloc_lock
                0x08008270        0xc /usr/local/arm/arm-gnu-toolchain-14.3.rel1-darwin-arm64-arm-none-eabi/bin/../lib/gcc/arm-none-eabi/14.3.1/../../../../arm-none-eabi/lib/thumb/v8-m.main+fp/hard/libc.a(libc_a-mlock.o)
                0x08008270                __malloc_lock
 .text.__malloc_unlock
                0x0800827c        0xc /usr/local/arm/arm-gnu-toolchain-14.3.rel1-darwin-arm64-arm-none-eabi/bin/../lib/gcc/arm-none-eabi/14.3.1/../../../../arm-none-eabi/lib/thumb/v8-m.main+fp/hard/libc.a(libc_a-mlock.o)
                0x0800827c                __malloc_unlock
 .text.printf   0x08008288       0x28 /usr/local/arm/arm-gnu-toolchain-14.3.rel1-darwin-arm64-arm-none-eabi/bin/../lib/gcc/arm-none-eabi/14.3.1/../../../../arm-none-eabi/lib/thumb/v8-m.main+fp/hard/libc.a(libc_a-printf.o)
                0x08008288                printf
 .text._puts_r  0x080082b0       0xbc /usr/local/arm/arm-gnu-toolchain-14.3.rel1-darwin-arm64-arm-none-eabi/bin/../lib/gcc/arm-none-eabi/14.3.1/../../../../arm-none-eabi/lib/thumb/v8-m.main+fp/hard/libc.a(libc_a-puts.o)
                0x080082b0                _puts_r
 .text.puts     0x0800836c       0x10 /usr/local/arm/arm-gnu-toolchain-14.3.rel1-darwin-arm64-arm-none-eabi/bin/../lib/gcc/arm-none-eabi/14.3.1/../../../../arm-none-eabi/lib/thumb/v8-m.main+fp/hard/libc.a(libc_a-puts.o)
                0x0800836c                puts
 .text.stdio_exit_handler
                0x0800837c       0x18 /usr/local/arm/arm-gnu-toolchain-14.3.rel1-darwin-arm64-arm-none-eabi/bin/../lib/gcc/arm-none-eabi/14.3.1/../../../../arm-none-eabi/lib/thumb/v8-m.main+fp/hard/libc.a(libc_a-findfp.o)
 .text.cleanup_stdio
                0x08008394       0x40 /usr/local/arm/arm-gnu-toolchain-14.3.rel1-darwin-arm64-arm-none-eabi/bin/../lib/gcc/arm-none-eabi/14.3.1/../../../../arm-none-eabi/lib/thumb/v8-m.main+fp/hard/libc.a(libc_a-findfp.o)
 .text.global_stdio_init.part.0
                0x080083d4       0xf0 /usr/local/arm/arm-gnu-toolchain-14.3.rel1-darwin-arm64-arm-none-eabi/bin/../lib/gcc/arm-none-eabi/14.3.1/../../../../arm-none-eabi/lib/thumb/v8-m.main+fp/hard/libc.a(libc_a-findfp.o)
 .text.__sinit  0x080084c4       0x3c /usr/local/arm/arm-gnu-toolchain-14.3.rel1-darwin-arm64-arm-none-eabi/bin/../lib/gcc/arm-none-eabi/14.3.1/../../../../arm-none-eabi/lib/thumb/v8-m.main+fp/hard/libc.a(libc_a-findfp.o)
                0x080084c4                __sinit
 .text.__sfp_lock_acquire
                0x08008500        0xc /usr/local/arm/arm-gnu-toolchain-14.3.rel1-darwin-arm64-arm-none-eabi/bin/../lib/gcc/arm-none-eabi/14.3.1/../../../../arm-none-eabi/lib/thumb/v8-m.main+fp/hard/libc.a(libc_a-findfp.o)
                0x08008500                __sfp_lock_acquire
 .text.__sfp_lock_release
                0x0800850c        0xc /usr/local/arm/arm-gnu-toolchain-14.3.rel1-darwin-arm64-arm-none-eabi/bin/../lib/gcc/arm-none-eabi/14.3.1/../../../../arm-none-eabi/lib/thumb/v8-m.main+fp/hard/libc.a(libc_a-findfp.o)
                0x0800850c                __sfp_lock_release
 .text.memset   0x08008518       0x9c /usr/local/arm/arm-gnu-toolchain-14.3.rel1-darwin-arm64-arm-none-eabi/bin/../lib/gcc/arm-none-eabi/14.3.1/../../../../arm-none-eabi/lib/thumb/v8-m.main+fp/hard/libc.a(libc_a-memset.o)
                0x08008518                memset
 .text._sbrk_r  0x080085b4       0x24 /usr/local/arm/arm-gnu-toolchain-14.3.rel1-darwin-arm64-arm-none-eabi/bin/../lib/gcc/arm-none-eabi/14.3.1/../../../../arm-none-eabi/lib/thumb/v8-m.main+fp/hard/libc.a(libc_a-sbrkr.o)
                0x080085b4                _sbrk_r
 .text.__errno  0x080085d8        0xc /usr/local/arm/arm-gnu-toolchain-14.3.rel1-darwin-arm64-arm-none-eabi/bin/../lib/gcc/arm-none-eabi/14.3.1/../../../../arm-none-eabi/lib/thumb/v8-m.main+fp/hard/libc.a(libc_a-errno.o)
                0x080085d8                __errno
 .text.sysconf  0x080085e4       0x1c /usr/local/arm/arm-gnu-toolchain-14.3.rel1-darwin-arm64-arm-none-eabi/bin/../lib/gcc/arm-none-eabi/14.3.1/../../../../arm-none-eabi/lib/thumb/v8-m.main+fp/hard/libc.a(libc_a-sysconf.o)
                0x080085e4                sysconf
 .text.__libc_init_array
                0x08008600       0x50 /usr/local/arm/arm-gnu-toolchain-14.3.rel1-darwin-arm64-arm-none-eabi/bin/../lib/gcc/arm-none-eabi/14.3.1/../../../../arm-none-eabi/lib/thumb/v8-m.main+fp/hard/libc.a(libc_a-init.o)
                0x08008600                __libc_init_array
 .text.__retarget_lock_init_recursive
                0x08008650        0x4 /usr/local/arm/arm-gnu-toolchain-14.3.rel1-darwin-arm64-arm-none-eabi/bin/../lib/gcc/arm-none-eabi/14.3.1/../../../../arm-none-eabi/lib/thumb/v8-m.main+fp/hard/libc.a(libc_a-lock.o)
                0x08008650                __retarget_lock_init_recursive
 .text.__retarget_lock_close_recursive
                0x08008654        0x4 /usr/local/arm/arm-gnu-toolchain-14.3.rel1-darwin-arm64-arm-none-eabi/bin/../lib/gcc/arm-none-eabi/14.3.1/../../../../arm-none-eabi/lib/thumb/v8-m.main+fp/hard/libc.a(libc_a-lock.o)
                0x08008654                __retarget_lock_close_recursive
 .text.__retarget_lock_acquire_recursive
                0x08008658        0x4 /usr/local/arm/arm-gnu-toolchain-14.3.rel1-darwin-arm64-arm-none-eabi/bin/../lib/gcc/arm-none-eabi/14.3.1/../../../../arm-none-eabi/lib/thumb/v8-m.main+fp/hard/libc.a(libc_a-lock.o)
                0x08008658                __retarget_lock_acquire_recursive
 .text.__retarget_lock_release_recursive
                0x0800865c        0x4 /usr/local/arm/arm-gnu-toolchain-14.3.rel1-darwin-arm64-arm-none-eabi/bin/../lib/gcc/arm-none-eabi/14.3.1/../../../../arm-none-eabi/lib/thumb/v8-m.main+fp/hard/libc.a(libc_a-lock.o)
                0x0800865c                __retarget_lock_release_recursive
 .text.strlen   0x08008660       0x5c /usr/local/arm/arm-gnu-toolchain-14.3.rel1-darwin-arm64-arm-none-eabi/bin/../lib/gcc/arm-none-eabi/14.3.1/../../../../arm-none-eabi/lib/thumb/v8-m.main+fp/hard/libc.a(libc_a-strlen-stub.o)
                0x08008660                strlen
 .text.startup.register_fini
                0x080086bc       0x14 /usr/local/arm/arm-gnu-toolchain-14.3.rel1-darwin-arm64-arm-none-eabi/bin/../lib/gcc/arm-none-eabi/14.3.1/../../../../arm-none-eabi/lib/thumb/v8-m.main+fp/hard/libc.a(libc_a-__call_atexit.o)
 .text.atexit   0x080086d0        0xc /usr/local/arm/arm-gnu-toolchain-14.3.rel1-darwin-arm64-arm-none-eabi/bin/../lib/gcc/arm-none-eabi/14.3.1/../../../../arm-none-eabi/lib/thumb/v8-m.main+fp/hard/libc.a(libc_a-atexit.o)
                0x080086d0                atexit
 .text._malloc_trim_r
                0x080086dc       0xb8 /usr/local/arm/arm-gnu-toolchain-14.3.rel1-darwin-arm64-arm-none-eabi/bin/../lib/gcc/arm-none-eabi/14.3.1/../../../../arm-none-eabi/lib/thumb/v8-m.main+fp/hard/libc.a(libc_a-freer.o)
                0x080086dc                _malloc_trim_r
 .text._free_r  0x08008794      0x1e8 /usr/local/arm/arm-gnu-toolchain-14.3.rel1-darwin-arm64-arm-none-eabi/bin/../lib/gcc/arm-none-eabi/14.3.1/../../../../arm-none-eabi/lib/thumb/v8-m.main+fp/hard/libc.a(libc_a-freer.o)
                0x08008794                _free_r
 *fill*         0x0800897c        0x4 
 .text._vfprintf_r
                0x08008980     0x22c8 /usr/local/arm/arm-gnu-toolchain-14.3.rel1-darwin-arm64-arm-none-eabi/bin/../lib/gcc/arm-none-eabi/14.3.1/../../../../arm-none-eabi/lib/thumb/v8-m.main+fp/hard/libc.a(libc_a-vfprintf.o)
                0x08008980                _vfprintf_r
 .text.__sbprintf
                0x0800ac48       0x84 /usr/local/arm/arm-gnu-toolchain-14.3.rel1-darwin-arm64-arm-none-eabi/bin/../lib/gcc/arm-none-eabi/14.3.1/../../../../arm-none-eabi/lib/thumb/v8-m.main+fp/hard/libc.a(libc_a-vfprintf.o)
 .text.__sfvwrite_r
                0x0800accc      0x2ec /usr/local/arm/arm-gnu-toolchain-14.3.rel1-darwin-arm64-arm-none-eabi/bin/../lib/gcc/arm-none-eabi/14.3.1/../../../../arm-none-eabi/lib/thumb/v8-m.main+fp/hard/libc.a(libc_a-fvwrite.o)
                0x0800accc                __sfvwrite_r
 .text._fwalk_sglue
                0x0800afb8       0x44 /usr/local/arm/arm-gnu-toolchain-14.3.rel1-darwin-arm64-arm-none-eabi/bin/../lib/gcc/arm-none-eabi/14.3.1/../../../../arm-none-eabi/lib/thumb/v8-m.main+fp/hard/libc.a(libc_a-fwalk.o)
                0x0800afb8                _fwalk_sglue
 .text._realloc_r
                0x0800affc      0x374 /usr/local/arm/arm-gnu-toolchain-14.3.rel1-darwin-arm64-arm-none-eabi/bin/../lib/gcc/arm-none-eabi/14.3.1/../../../../arm-none-eabi/lib/thumb/v8-m.main+fp/hard/libc.a(libc_a-reallocr.o)
                0x0800affc                _realloc_r
 .text.__sprint_r
                0x0800b370       0x20 /usr/local/arm/arm-gnu-toolchain-14.3.rel1-darwin-arm64-arm-none-eabi/bin/../lib/gcc/arm-none-eabi/14.3.1/../../../../arm-none-eabi/lib/thumb/v8-m.main+fp/hard/libc.a(libc_a-sprint_r.o)
                0x0800b370                __sprint_r
 .text._fclose_r
                0x0800b390       0xc0 /usr/local/arm/arm-gnu-toolchain-14.3.rel1-darwin-arm64-arm-none-eabi/bin/../lib/gcc/arm-none-eabi/14.3.1/../../../../arm-none-eabi/lib/thumb/v8-m.main+fp/hard/libc.a(libc_a-fclose.o)
                0x0800b390                _fclose_r
 .text.__sflush_r
                0x0800b450      0x138 /usr/local/arm/arm-gnu-toolchain-14.3.rel1-darwin-arm64-arm-none-eabi/bin/../lib/gcc/arm-none-eabi/14.3.1/../../../../arm-none-eabi/lib/thumb/v8-m.main+fp/hard/libc.a(libc_a-fflush.o)
                0x0800b450                __sflush_r
 .text._fflush_r
                0x0800b588       0x54 /usr/local/arm/arm-gnu-toolchain-14.3.rel1-darwin-arm64-arm-none-eabi/bin/../lib/gcc/arm-none-eabi/14.3.1/../../../../arm-none-eabi/lib/thumb/v8-m.main+fp/hard/libc.a(libc_a-fflush.o)
                0x0800b588                _fflush_r
 .text.__sread  0x0800b5dc       0x24 /usr/local/arm/arm-gnu-toolchain-14.3.rel1-darwin-arm64-arm-none-eabi/bin/../lib/gcc/arm-none-eabi/14.3.1/../../../../arm-none-eabi/lib/thumb/v8-m.main+fp/hard/libc.a(libc_a-stdio.o)
                0x0800b5dc                __sread
 .text.__swrite
                0x0800b600       0x40 /usr/local/arm/arm-gnu-toolchain-14.3.rel1-darwin-arm64-arm-none-eabi/bin/../lib/gcc/arm-none-eabi/14.3.1/../../../../arm-none-eabi/lib/thumb/v8-m.main+fp/hard/libc.a(libc_a-stdio.o)
                0x0800b600                __swrite
 .text.__sseek  0x0800b640       0x28 /usr/local/arm/arm-gnu-toolchain-14.3.rel1-darwin-arm64-arm-none-eabi/bin/../lib/gcc/arm-none-eabi/14.3.1/../../../../arm-none-eabi/lib/thumb/v8-m.main+fp/hard/libc.a(libc_a-stdio.o)
                0x0800b640                __sseek
 .text.__sclose
                0x0800b668        0x8 /usr/local/arm/arm-gnu-toolchain-14.3.rel1-darwin-arm64-arm-none-eabi/bin/../lib/gcc/arm-none-eabi/14.3.1/../../../../arm-none-eabi/lib/thumb/v8-m.main+fp/hard/libc.a(libc_a-stdio.o)
                0x0800b668                __sclose
 .text.__swsetup_r
                0x0800b670      0x100 /usr/local/arm/arm-gnu-toolchain-14.3.rel1-darwin-arm64-arm-none-eabi/bin/../lib/gcc/arm-none-eabi/14.3.1/../../../../arm-none-eabi/lib/thumb/v8-m.main+fp/hard/libc.a(libc_a-wsetup.o)
                0x0800b670                __swsetup_r
 .text.memmove  0x0800b770      0x130 /usr/local/arm/arm-gnu-toolchain-14.3.rel1-darwin-arm64-arm-none-eabi/bin/../lib/gcc/arm-none-eabi/14.3.1/../../../../arm-none-eabi/lib/thumb/v8-m.main+fp/hard/libc.a(libc_a-memmove.o)
                0x0800b770                memmove
 .text.strncpy  0x0800b8a0       0x64 /usr/local/arm/arm-gnu-toolchain-14.3.rel1-darwin-arm64-arm-none-eabi/bin/../lib/gcc/arm-none-eabi/14.3.1/../../../../arm-none-eabi/lib/thumb/v8-m.main+fp/hard/libc.a(libc_a-strncpy.o)
                0x0800b8a0                strncpy
 .text.__locale_mb_cur_max
                0x0800b904        0xc /usr/local/arm/arm-gnu-toolchain-14.3.rel1-darwin-arm64-arm-none-eabi/bin/../lib/gcc/arm-none-eabi/14.3.1/../../../../arm-none-eabi/lib/thumb/v8-m.main+fp/hard/libc.a(libc_a-locale.o)
                0x0800b904                __locale_mb_cur_max
 .text._localeconv_r
                0x0800b910        0x8 /usr/local/arm/arm-gnu-toolchain-14.3.rel1-darwin-arm64-arm-none-eabi/bin/../lib/gcc/arm-none-eabi/14.3.1/../../../../arm-none-eabi/lib/thumb/v8-m.main+fp/hard/libc.a(libc_a-localeconv.o)
                0x0800b910                _localeconv_r
 .text._close_r
                0x0800b918       0x24 /usr/local/arm/arm-gnu-toolchain-14.3.rel1-darwin-arm64-arm-none-eabi/bin/../lib/gcc/arm-none-eabi/14.3.1/../../../../arm-none-eabi/lib/thumb/v8-m.main+fp/hard/libc.a(libc_a-closer.o)
                0x0800b918                _close_r
 .text._lseek_r
                0x0800b93c       0x2c /usr/local/arm/arm-gnu-toolchain-14.3.rel1-darwin-arm64-arm-none-eabi/bin/../lib/gcc/arm-none-eabi/14.3.1/../../../../arm-none-eabi/lib/thumb/v8-m.main+fp/hard/libc.a(libc_a-lseekr.o)
                0x0800b93c                _lseek_r
 .text._read_r  0x0800b968       0x2c /usr/local/arm/arm-gnu-toolchain-14.3.rel1-darwin-arm64-arm-none-eabi/bin/../lib/gcc/arm-none-eabi/14.3.1/../../../../arm-none-eabi/lib/thumb/v8-m.main+fp/hard/libc.a(libc_a-readr.o)
                0x0800b968                _read_r
 .text._write_r
                0x0800b994       0x2c /usr/local/arm/arm-gnu-toolchain-14.3.rel1-darwin-arm64-arm-none-eabi/bin/../lib/gcc/arm-none-eabi/14.3.1/../../../../arm-none-eabi/lib/thumb/v8-m.main+fp/hard/libc.a(libc_a-writer.o)
                0x0800b994                _write_r
 .text.__libc_fini_array
                0x0800b9c0       0x28 /usr/local/arm/arm-gnu-toolchain-14.3.rel1-darwin-arm64-arm-none-eabi/bin/../lib/gcc/arm-none-eabi/14.3.1/../../../../arm-none-eabi/lib/thumb/v8-m.main+fp/hard/libc.a(libc_a-fini.o)
                0x0800b9c0                __libc_fini_array
 .text.memchr   0x0800b9e8       0x80 /usr/local/arm/arm-gnu-toolchain-14.3.rel1-darwin-arm64-arm-none-eabi/bin/../lib/gcc/arm-none-eabi/14.3.1/../../../../arm-none-eabi/lib/thumb/v8-m.main+fp/hard/libc.a(libc_a-memchr-stub.o)
                0x0800b9e8                memchr
 .text._wcrtomb_r
                0x0800ba68       0x4c /usr/local/arm/arm-gnu-toolchain-14.3.rel1-darwin-arm64-arm-none-eabi/bin/../lib/gcc/arm-none-eabi/14.3.1/../../../../arm-none-eabi/lib/thumb/v8-m.main+fp/hard/libc.a(libc_a-wcrtomb.o)
                0x0800ba68                _wcrtomb_r
 .text._wcsrtombs_r
                0x0800bab4       0x18 /usr/local/arm/arm-gnu-toolchain-14.3.rel1-darwin-arm64-arm-none-eabi/bin/../lib/gcc/arm-none-eabi/14.3.1/../../../../arm-none-eabi/lib/thumb/v8-m.main+fp/hard/libc.a(libc_a-wcsrtombs.o)
                0x0800bab4                _wcsrtombs_r
 .text.__register_exitproc
                0x0800bacc       0x84 /usr/local/arm/arm-gnu-toolchain-14.3.rel1-darwin-arm64-arm-none-eabi/bin/../lib/gcc/arm-none-eabi/14.3.1/../../../../arm-none-eabi/lib/thumb/v8-m.main+fp/hard/libc.a(libc_a-__atexit.o)
                0x0800bacc                __register_exitproc
 .text.frexp    0x0800bb50       0x64 /usr/local/arm/arm-gnu-toolchain-14.3.rel1-darwin-arm64-arm-none-eabi/bin/../lib/gcc/arm-none-eabi/14.3.1/../../../../arm-none-eabi/lib/thumb/v8-m.main+fp/hard/libc.a(libm_a-s_frexp.o)
                0x0800bb50                frexp
 .text.quorem   0x0800bbb4      0x138 /usr/local/arm/arm-gnu-toolchain-14.3.rel1-darwin-arm64-arm-none-eabi/bin/../lib/gcc/arm-none-eabi/14.3.1/../../../../arm-none-eabi/lib/thumb/v8-m.main+fp/hard/libc.a(libc_a-dtoa.o)
 *fill*         0x0800bcec        0x4 
 .text._dtoa_r  0x0800bcf0      0xffc /usr/local/arm/arm-gnu-toolchain-14.3.rel1-darwin-arm64-arm-none-eabi/bin/../lib/gcc/arm-none-eabi/14.3.1/../../../../arm-none-eabi/lib/thumb/v8-m.main+fp/hard/libc.a(libc_a-dtoa.o)
                0x0800bcf0                _dtoa_r
 .text.__ascii_mbtowc
                0x0800ccec       0x2c /usr/local/arm/arm-gnu-toolchain-14.3.rel1-darwin-arm64-arm-none-eabi/bin/../lib/gcc/arm-none-eabi/14.3.1/../../../../arm-none-eabi/lib/thumb/v8-m.main+fp/hard/libc.a(libc_a-mbtowc_r.o)
                0x0800ccec                __ascii_mbtowc
 .text._Balloc  0x0800cd18       0x4c /usr/local/arm/arm-gnu-toolchain-14.3.rel1-darwin-arm64-arm-none-eabi/bin/../lib/gcc/arm-none-eabi/14.3.1/../../../../arm-none-eabi/lib/thumb/v8-m.main+fp/hard/libc.a(libc_a-mprec.o)
                0x0800cd18                _Balloc
 .text._Bfree   0x0800cd64       0x14 /usr/local/arm/arm-gnu-toolchain-14.3.rel1-darwin-arm64-arm-none-eabi/bin/../lib/gcc/arm-none-eabi/14.3.1/../../../../arm-none-eabi/lib/thumb/v8-m.main+fp/hard/libc.a(libc_a-mprec.o)
                0x0800cd64                _Bfree
 .text.__multadd
                0x0800cd78       0xa4 /usr/local/arm/arm-gnu-toolchain-14.3.rel1-darwin-arm64-arm-none-eabi/bin/../lib/gcc/arm-none-eabi/14.3.1/../../../../arm-none-eabi/lib/thumb/v8-m.main+fp/hard/libc.a(libc_a-mprec.o)
                0x0800cd78                __multadd
 .text.__hi0bits
                0x0800ce1c       0x54 /usr/local/arm/arm-gnu-toolchain-14.3.rel1-darwin-arm64-arm-none-eabi/bin/../lib/gcc/arm-none-eabi/14.3.1/../../../../arm-none-eabi/lib/thumb/v8-m.main+fp/hard/libc.a(libc_a-mprec.o)
                0x0800ce1c                __hi0bits
 .text.__lo0bits
                0x0800ce70       0x80 /usr/local/arm/arm-gnu-toolchain-14.3.rel1-darwin-arm64-arm-none-eabi/bin/../lib/gcc/arm-none-eabi/14.3.1/../../../../arm-none-eabi/lib/thumb/v8-m.main+fp/hard/libc.a(libc_a-mprec.o)
                0x0800ce70                __lo0bits
 .text.__i2b    0x0800cef0       0x5c /usr/local/arm/arm-gnu-toolchain-14.3.rel1-darwin-arm64-arm-none-eabi/bin/../lib/gcc/arm-none-eabi/14.3.1/../../../../arm-none-eabi/lib/thumb/v8-m.main+fp/hard/libc.a(libc_a-mprec.o)
                0x0800cef0                __i2b
 .text.__multiply
                0x0800cf4c      0x168 /usr/local/arm/arm-gnu-toolchain-14.3.rel1-darwin-arm64-arm-none-eabi/bin/../lib/gcc/arm-none-eabi/14.3.1/../../../../arm-none-eabi/lib/thumb/v8-m.main+fp/hard/libc.a(libc_a-mprec.o)
                0x0800cf4c                __multiply
 .text.__pow5mult
                0x0800d0b4       0xc0 /usr/local/arm/arm-gnu-toolchain-14.3.rel1-darwin-arm64-arm-none-eabi/bin/../lib/gcc/arm-none-eabi/14.3.1/../../../../arm-none-eabi/lib/thumb/v8-m.main+fp/hard/libc.a(libc_a-mprec.o)
                0x0800d0b4                __pow5mult
 .text.__lshift
                0x0800d174       0xe4 /usr/local/arm/arm-gnu-toolchain-14.3.rel1-darwin-arm64-arm-none-eabi/bin/../lib/gcc/arm-none-eabi/14.3.1/../../../../arm-none-eabi/lib/thumb/v8-m.main+fp/hard/libc.a(libc_a-mprec.o)
                0x0800d174                __lshift
 .text.__mcmp   0x0800d258       0x44 /usr/local/arm/arm-gnu-toolchain-14.3.rel1-darwin-arm64-arm-none-eabi/bin/../lib/gcc/arm-none-eabi/14.3.1/../../../../arm-none-eabi/lib/thumb/v8-m.main+fp/hard/libc.a(libc_a-mprec.o)
                0x0800d258                __mcmp
 .text.__mdiff  0x0800d29c      0x170 /usr/local/arm/arm-gnu-toolchain-14.3.rel1-darwin-arm64-arm-none-eabi/bin/../lib/gcc/arm-none-eabi/14.3.1/../../../../arm-none-eabi/lib/thumb/v8-m.main+fp/hard/libc.a(libc_a-mprec.o)
                0x0800d29c                __mdiff
 .text.__d2b    0x0800d40c       0xbc /usr/local/arm/arm-gnu-toolchain-14.3.rel1-darwin-arm64-arm-none-eabi/bin/../lib/gcc/arm-none-eabi/14.3.1/../../../../arm-none-eabi/lib/thumb/v8-m.main+fp/hard/libc.a(libc_a-mprec.o)
                0x0800d40c                __d2b
 .text.__smakebuf_r
                0x0800d4c8       0xd0 /usr/local/arm/arm-gnu-toolchain-14.3.rel1-darwin-arm64-arm-none-eabi/bin/../lib/gcc/arm-none-eabi/14.3.1/../../../../arm-none-eabi/lib/thumb/v8-m.main+fp/hard/libc.a(libc_a-makebuf.o)
                0x0800d4c8                __smakebuf_r
 .text.__ascii_wctomb
                0x0800d598       0x1c /usr/local/arm/arm-gnu-toolchain-14.3.rel1-darwin-arm64-arm-none-eabi/bin/../lib/gcc/arm-none-eabi/14.3.1/../../../../arm-none-eabi/lib/thumb/v8-m.main+fp/hard/libc.a(libc_a-wctomb_r.o)
                0x0800d598                __ascii_wctomb
 .text._fstat_r
                0x0800d5b4       0x2c /usr/local/arm/arm-gnu-toolchain-14.3.rel1-darwin-arm64-arm-none-eabi/bin/../lib/gcc/arm-none-eabi/14.3.1/../../../../arm-none-eabi/lib/thumb/v8-m.main+fp/hard/libc.a(libc_a-fstatr.o)
                0x0800d5b4                _fstat_r
 .text._isatty_r
                0x0800d5e0       0x24 /usr/local/arm/arm-gnu-toolchain-14.3.rel1-darwin-arm64-arm-none-eabi/bin/../lib/gcc/arm-none-eabi/14.3.1/../../../../arm-none-eabi/lib/thumb/v8-m.main+fp/hard/libc.a(libc_a-isattyr.o)
                0x0800d5e0                _isatty_r
 .text._wcsnrtombs_l
                0x0800d604       0xf4 /usr/local/arm/arm-gnu-toolchain-14.3.rel1-darwin-arm64-arm-none-eabi/bin/../lib/gcc/arm-none-eabi/14.3.1/../../../../arm-none-eabi/lib/thumb/v8-m.main+fp/hard/libc.a(libc_a-wcsnrtombs.o)
                0x0800d604                _wcsnrtombs_l
 .text._wcsnrtombs_r
                0x0800d6f8       0x24 /usr/local/arm/arm-gnu-toolchain-14.3.rel1-darwin-arm64-arm-none-eabi/bin/../lib/gcc/arm-none-eabi/14.3.1/../../../../arm-none-eabi/lib/thumb/v8-m.main+fp/hard/libc.a(libc_a-wcsnrtombs.o)
                0x0800d6f8                _wcsnrtombs_r
 .text.__assert_func
                0x0800d71c       0x3c /usr/local/arm/arm-gnu-toolchain-14.3.rel1-darwin-arm64-arm-none-eabi/bin/../lib/gcc/arm-none-eabi/14.3.1/../../../../arm-none-eabi/lib/thumb/v8-m.main+fp/hard/libc.a(libc_a-assert.o)
                0x0800d71c                __assert_func
 .text._calloc_r
                0x0800d758       0x70 /usr/local/arm/arm-gnu-toolchain-14.3.rel1-darwin-arm64-arm-none-eabi/bin/../lib/gcc/arm-none-eabi/14.3.1/../../../../arm-none-eabi/lib/thumb/v8-m.main+fp/hard/libc.a(libc_a-callocr.o)
                0x0800d758                _calloc_r
 .text.fiprintf
                0x0800d7c8       0x28 /usr/local/arm/arm-gnu-toolchain-14.3.rel1-darwin-arm64-arm-none-eabi/bin/../lib/gcc/arm-none-eabi/14.3.1/../../../../arm-none-eabi/lib/thumb/v8-m.main+fp/hard/libc.a(libc_a-fiprintf.o)
                0x0800d7c8                fiprintf
 .text._vfiprintf_r
                0x0800d7f0     0x11cc /usr/local/arm/arm-gnu-toolchain-14.3.rel1-darwin-arm64-arm-none-eabi/bin/../lib/gcc/arm-none-eabi/14.3.1/../../../../arm-none-eabi/lib/thumb/v8-m.main+fp/hard/libc.a(libc_a-vfiprintf.o)
                0x0800d7f0                _vfiprintf_r
 .text.__sbprintf
                0x0800e9bc       0x84 /usr/local/arm/arm-gnu-toolchain-14.3.rel1-darwin-arm64-arm-none-eabi/bin/../lib/gcc/arm-none-eabi/14.3.1/../../../../arm-none-eabi/lib/thumb/v8-m.main+fp/hard/libc.a(libc_a-vfiprintf.o)
 .text.abort    0x0800ea40       0x10 /usr/local/arm/arm-gnu-toolchain-14.3.rel1-darwin-arm64-arm-none-eabi/bin/../lib/gcc/arm-none-eabi/14.3.1/../../../../arm-none-eabi/lib/thumb/v8-m.main+fp/hard/libc.a(libc_a-abort.o)
                0x0800ea40                abort
 .text.raise    0x0800ea50       0x58 /usr/local/arm/arm-gnu-toolchain-14.3.rel1-darwin-arm64-arm-none-eabi/bin/../lib/gcc/arm-none-eabi/14.3.1/../../../../arm-none-eabi/lib/thumb/v8-m.main+fp/hard/libc.a(libc_a-signal.o)
                0x0800ea50                raise
 .text._kill_r  0x0800eaa8       0x2c /usr/local/arm/arm-gnu-toolchain-14.3.rel1-darwin-arm64-arm-none-eabi/bin/../lib/gcc/arm-none-eabi/14.3.1/../../../../arm-none-eabi/lib/thumb/v8-m.main+fp/hard/libc.a(libc_a-signalr.o)
                0x0800eaa8                _kill_r
 .text._getpid_r
                0x0800ead4        0x4 /usr/local/arm/arm-gnu-toolchain-14.3.rel1-darwin-arm64-arm-none-eabi/bin/../lib/gcc/arm-none-eabi/14.3.1/../../../../arm-none-eabi/lib/thumb/v8-m.main+fp/hard/libc.a(libc_a-signalr.o)
                0x0800ead4                _getpid_r
 .text._sbrk    0x0800ead8       0x20 /usr/local/arm/arm-gnu-toolchain-14.3.rel1-darwin-arm64-arm-none-eabi/bin/../lib/gcc/arm-none-eabi/14.3.1/../../../../arm-none-eabi/lib/thumb/v8-m.main+fp/hard/libnosys.a(sbrk.o)
                0x0800ead8                _sbrk
 .text.__udivmoddi4
                0x0800eaf8      0x34c /usr/local/arm/arm-gnu-toolchain-14.3.rel1-darwin-arm64-arm-none-eabi/bin/../lib/gcc/arm-none-eabi/14.3.1/thumb/v8-m.main+fp/hard/libgcc.a(_udivmoddi4.o)
                0x0800eaf8                __udivmoddi4
 *(.glue_7)
 .glue_7        0x0800ee44        0x0 linker stubs
 *(.glue_7t)
 .glue_7t       0x0800ee44        0x0 linker stubs
 *(.eh_frame)
 .eh_frame      0x0800ee44        0x0 /usr/local/arm/arm-gnu-toolchain-14.3.rel1-darwin-arm64-arm-none-eabi/bin/../lib/gcc/arm-none-eabi/14.3.1/thumb/v8-m.main+fp/hard/crtbegin.o
 *(.init)
 .init          0x0800ee44        0x4 /usr/local/arm/arm-gnu-toolchain-14.3.rel1-darwin-arm64-arm-none-eabi/bin/../lib/gcc/arm-none-eabi/14.3.1/thumb/v8-m.main+fp/hard/crti.o
                0x0800ee44                _init
 .init          0x0800ee48        0x8 /usr/local/arm/arm-gnu-toolchain-14.3.rel1-darwin-arm64-arm-none-eabi/bin/../lib/gcc/arm-none-eabi/14.3.1/thumb/v8-m.main+fp/hard/crtn.o
 *(.fini)
 .fini          0x0800ee50        0x4 /usr/local/arm/arm-gnu-toolchain-14.3.rel1-darwin-arm64-arm-none-eabi/bin/../lib/gcc/arm-none-eabi/14.3.1/thumb/v8-m.main+fp/hard/crti.o
                0x0800ee50                _fini
 .fini          0x0800ee54        0x8 /usr/local/arm/arm-gnu-toolchain-14.3.rel1-darwin-arm64-arm-none-eabi/bin/../lib/gcc/arm-none-eabi/14.3.1/thumb/v8-m.main+fp/hard/crtn.o
                0x0800ee5c                        . = ALIGN (0x4)
                0x0800ee5c                        _etext = .

.vfp11_veneer   0x0800ee5c        0x0
 .vfp11_veneer  0x0800ee5c        0x0 linker stubs

.v4_bx          0x0800ee5c        0x0
 .v4_bx         0x0800ee5c        0x0 linker stubs

.iplt           0x0800ee5c        0x0
 .iplt          0x0800ee5c        0x0 /usr/local/arm/arm-gnu-toolchain-14.3.rel1-darwin-arm64-arm-none-eabi/bin/../lib/gcc/arm-none-eabi/14.3.1/thumb/v8-m.main+fp/hard/crtbegin.o

.rodata         0x0800ee60      0x5a0
                0x0800ee60                        . = ALIGN (0x4)
 *(.rodata)
 *(.rodata*)
 .rodata.APBPrescTable
                0x0800ee60        0x8 build/third_party/built-in.o
                0x0800ee60                APBPrescTable
 .rodata.AHBPrescTable
                0x0800ee68       0x10 build/third_party/built-in.o
                0x0800ee68                AHBPrescTable
 .rodata.rt_application_init.str1.4
                0x0800ee78      0x1f3 build/third_party/built-in.o
                                  0x5 (size before relaxing)
 .rodata.rt_vsnprintf.str1.4
                0x0800f06b        0x7 build/third_party/built-in.o
 .rodata.rt_system_heap_init.str1.4
                0x0800f06b        0x5 build/third_party/built-in.o
 *fill*         0x0800f06b        0x1 
 .rodata.small_digits.0
                0x0800f06c       0x11 build/third_party/built-in.o
 *fill*         0x0800f07d        0x3 
 .rodata.large_digits.1
                0x0800f080       0x11 build/third_party/built-in.o
 *fill*         0x0800f091        0x3 
 .rodata.__lowest_bit_bitmap
                0x0800f094      0x100 build/third_party/built-in.o
                0x0800f094                __lowest_bit_bitmap
 .rodata.rt_smem_init.str1.4
                0x0800f194        0x6 build/third_party/built-in.o
 .rodata.rt_thread_idle_init.str1.4
                0x0800f194        0x8 build/third_party/built-in.o
 .rodata.UARTPrescTable
                0x0800f194       0x18 build/third_party/built-in.o
                0x0800f194                UARTPrescTable
 .rodata.denominator.0
                0x0800f1ac        0x8 build/third_party/built-in.o
 .rodata.numerator.1
                0x0800f1b4        0x8 build/third_party/built-in.o
 .rodata.main.str1.4
                0x0800f1bc        0xf build/app/built-in.o
 .rodata._puts_r.str1.4
                0x0800f1bc        0x2 /usr/local/arm/arm-gnu-toolchain-14.3.rel1-darwin-arm64-arm-none-eabi/bin/../lib/gcc/arm-none-eabi/14.3.1/../../../../arm-none-eabi/lib/thumb/v8-m.main+fp/hard/libc.a(libc_a-puts.o)
 .rodata._vfprintf_r.str1.4
                0x0800f1bc       0x42 /usr/local/arm/arm-gnu-toolchain-14.3.rel1-darwin-arm64-arm-none-eabi/bin/../lib/gcc/arm-none-eabi/14.3.1/../../../../arm-none-eabi/lib/thumb/v8-m.main+fp/hard/libc.a(libc_a-vfprintf.o)
 .rodata.zeroes.0
                0x0800f1bc       0x10 /usr/local/arm/arm-gnu-toolchain-14.3.rel1-darwin-arm64-arm-none-eabi/bin/../lib/gcc/arm-none-eabi/14.3.1/../../../../arm-none-eabi/lib/thumb/v8-m.main+fp/hard/libc.a(libc_a-vfprintf.o)
 .rodata.blanks.1
                0x0800f1cc       0x10 /usr/local/arm/arm-gnu-toolchain-14.3.rel1-darwin-arm64-arm-none-eabi/bin/../lib/gcc/arm-none-eabi/14.3.1/../../../../arm-none-eabi/lib/thumb/v8-m.main+fp/hard/libc.a(libc_a-vfprintf.o)
 .rodata.str1.4
                0x0800f1dc       0x4c /usr/local/arm/arm-gnu-toolchain-14.3.rel1-darwin-arm64-arm-none-eabi/bin/../lib/gcc/arm-none-eabi/14.3.1/../../../../arm-none-eabi/lib/thumb/v8-m.main+fp/hard/libc.a(libc_a-locale.o)
 .rodata._ctype_
                0x0800f1dc      0x101 /usr/local/arm/arm-gnu-toolchain-14.3.rel1-darwin-arm64-arm-none-eabi/bin/../lib/gcc/arm-none-eabi/14.3.1/../../../../arm-none-eabi/lib/thumb/v8-m.main+fp/hard/libc.a(libc_a-ctype_.o)
                0x0800f1dc                _ctype_
 .rodata._dtoa_r.str1.4
                0x0800f2dd       0x89 /usr/local/arm/arm-gnu-toolchain-14.3.rel1-darwin-arm64-arm-none-eabi/bin/../lib/gcc/arm-none-eabi/14.3.1/../../../../arm-none-eabi/lib/thumb/v8-m.main+fp/hard/libc.a(libc_a-dtoa.o)
 .rodata.__multadd.str1.4
                0x0800f2dd       0x76 /usr/local/arm/arm-gnu-toolchain-14.3.rel1-darwin-arm64-arm-none-eabi/bin/../lib/gcc/arm-none-eabi/14.3.1/../../../../arm-none-eabi/lib/thumb/v8-m.main+fp/hard/libc.a(libc_a-mprec.o)
 *fill*         0x0800f2dd        0x3 
 .rodata.p05.0  0x0800f2e0        0xc /usr/local/arm/arm-gnu-toolchain-14.3.rel1-darwin-arm64-arm-none-eabi/bin/../lib/gcc/arm-none-eabi/14.3.1/../../../../arm-none-eabi/lib/thumb/v8-m.main+fp/hard/libc.a(libc_a-mprec.o)
 *fill*         0x0800f2ec        0x4 
 .rodata.__mprec_bigtens
                0x0800f2f0       0x28 /usr/local/arm/arm-gnu-toolchain-14.3.rel1-darwin-arm64-arm-none-eabi/bin/../lib/gcc/arm-none-eabi/14.3.1/../../../../arm-none-eabi/lib/thumb/v8-m.main+fp/hard/libc.a(libc_a-mprec.o)
                0x0800f2f0                __mprec_bigtens
 .rodata.__mprec_tens
                0x0800f318       0xc8 /usr/local/arm/arm-gnu-toolchain-14.3.rel1-darwin-arm64-arm-none-eabi/bin/../lib/gcc/arm-none-eabi/14.3.1/../../../../arm-none-eabi/lib/thumb/v8-m.main+fp/hard/libc.a(libc_a-mprec.o)
                0x0800f318                __mprec_tens
 .rodata.__assert_func.str1.4
                0x0800f3e0       0x43 /usr/local/arm/arm-gnu-toolchain-14.3.rel1-darwin-arm64-arm-none-eabi/bin/../lib/gcc/arm-none-eabi/14.3.1/../../../../arm-none-eabi/lib/thumb/v8-m.main+fp/hard/libc.a(libc_a-assert.o)
 .rodata._vfiprintf_r.str1.4
                0x0800f3e0       0x2f /usr/local/arm/arm-gnu-toolchain-14.3.rel1-darwin-arm64-arm-none-eabi/bin/../lib/gcc/arm-none-eabi/14.3.1/../../../../arm-none-eabi/lib/thumb/v8-m.main+fp/hard/libc.a(libc_a-vfiprintf.o)
 .rodata.zeroes.0
                0x0800f3e0       0x10 /usr/local/arm/arm-gnu-toolchain-14.3.rel1-darwin-arm64-arm-none-eabi/bin/../lib/gcc/arm-none-eabi/14.3.1/../../../../arm-none-eabi/lib/thumb/v8-m.main+fp/hard/libc.a(libc_a-vfiprintf.o)
 .rodata.blanks.1
                0x0800f3f0       0x10 /usr/local/arm/arm-gnu-toolchain-14.3.rel1-darwin-arm64-arm-none-eabi/bin/../lib/gcc/arm-none-eabi/14.3.1/../../../../arm-none-eabi/lib/thumb/v8-m.main+fp/hard/libc.a(libc_a-vfiprintf.o)
                0x0800f424                        . = ALIGN (0x4)

.ARM.extab
 *(.ARM.extab* .gnu.linkonce.armextab.*)

.ARM            0x0800f400        0x8
                0x0800f400                        __exidx_start = .
 *(.ARM.exidx*)
 .ARM.exidx     0x0800f400        0x8 /usr/local/arm/arm-gnu-toolchain-14.3.rel1-darwin-arm64-arm-none-eabi/bin/../lib/gcc/arm-none-eabi/14.3.1/../../../../arm-none-eabi/lib/thumb/v8-m.main+fp/hard/libc.a(libc_a-memcpy.o)
 .ARM.exidx.text.__udivmoddi4
                0x0800f408        0x0 /usr/local/arm/arm-gnu-toolchain-14.3.rel1-darwin-arm64-arm-none-eabi/bin/../lib/gcc/arm-none-eabi/14.3.1/thumb/v8-m.main+fp/hard/libgcc.a(_udivmoddi4.o)
                                  0x8 (size before relaxing)
                0x0800f408                        __exidx_end = .

.rti_fn         0x0800f408       0x10
                0x0800f408                        . = ALIGN (0x4)
                0x0800f408                        __rt_init_start = .
 *(SORT_BY_NAME(.rti_fn.*))
 .rti_fn.0      0x0800f408        0x4 build/third_party/built-in.o
                0x0800f408                __rt_init_rti_start
 .rti_fn.0.end  0x0800f40c        0x4 build/third_party/built-in.o
                0x0800f40c                __rt_init_rti_board_start
 .rti_fn.1.end  0x0800f410        0x4 build/third_party/built-in.o
                0x0800f410                __rt_init_rti_board_end
 .rti_fn.6.end  0x0800f414        0x4 build/third_party/built-in.o
                0x0800f414                __rt_init_rti_end
                0x0800f418                        __rt_init_end = .
                0x0800f418                        . = ALIGN (0x4)

.rel.dyn        0x0800f418        0x0
 .rel.iplt      0x0800f418        0x0 /usr/local/arm/arm-gnu-toolchain-14.3.rel1-darwin-arm64-arm-none-eabi/bin/../lib/gcc/arm-none-eabi/14.3.1/thumb/v8-m.main+fp/hard/crtbegin.o

.preinit_array  0x0800f418        0x0
                0x0800f418                        PROVIDE (__preinit_array_start = .)
 *(.preinit_array*)
                0x0800f418                        PROVIDE (__preinit_array_end = .)

.init_array     0x0800f418        0x8
                0x0800f418                        PROVIDE (__init_array_start = .)
 *(SORT_BY_NAME(.init_array.*))
 .init_array.00000
                0x0800f418        0x4 /usr/local/arm/arm-gnu-toolchain-14.3.rel1-darwin-arm64-arm-none-eabi/bin/../lib/gcc/arm-none-eabi/14.3.1/../../../../arm-none-eabi/lib/thumb/v8-m.main+fp/hard/libc.a(libc_a-__call_atexit.o)
 *(.init_array*)
 .init_array    0x0800f41c        0x4 /usr/local/arm/arm-gnu-toolchain-14.3.rel1-darwin-arm64-arm-none-eabi/bin/../lib/gcc/arm-none-eabi/14.3.1/thumb/v8-m.main+fp/hard/crtbegin.o
                0x0800f420                        PROVIDE (__init_array_end = .)

.fini_array     0x0800f420        0x4
                0x0800f420                        PROVIDE (__fini_array_end = .)
 *(SORT_BY_NAME(.fini_array.*))
 *(.fini_array*)
 .fini_array    0x0800f420        0x4 /usr/local/arm/arm-gnu-toolchain-14.3.rel1-darwin-arm64-arm-none-eabi/bin/../lib/gcc/arm-none-eabi/14.3.1/thumb/v8-m.main+fp/hard/crtbegin.o
                0x0800f424                        PROVIDE (__fini_array_start = .)
                0x0800f424                        _sidata = LOADADDR (.data)

.data           0x20000000      0x910 load address 0x0800f424
                0x20000000                        . = ALIGN (0x4)
                0x20000000                        _sdata = .
 *(.data)
 *(.data*)
 .data.SystemCoreClock
                0x20000000        0x4 build/third_party/built-in.o
                0x20000000                SystemCoreClock
 .data._object_container
                0x20000004       0x80 build/third_party/built-in.o
 .data._rt_thread_defunct
                0x20000084        0x8 build/third_party/built-in.o
 .data.uwTickFreq
                0x2000008c        0x1 build/third_party/built-in.o
                0x2000008c                uwTickFreq
 *fill*         0x2000008d        0x3 
 .data.uwTickPrio
                0x20000090        0x4 build/third_party/built-in.o
                0x20000090                uwTickPrio
 .data.__malloc_sbrk_base
                0x20000094        0x4 /usr/local/arm/arm-gnu-toolchain-14.3.rel1-darwin-arm64-arm-none-eabi/bin/../lib/gcc/arm-none-eabi/14.3.1/../../../../arm-none-eabi/lib/thumb/v8-m.main+fp/hard/libc.a(libc_a-mallocr.o)
                0x20000094                __malloc_sbrk_base
 .data.__malloc_trim_threshold
                0x20000098        0x4 /usr/local/arm/arm-gnu-toolchain-14.3.rel1-darwin-arm64-arm-none-eabi/bin/../lib/gcc/arm-none-eabi/14.3.1/../../../../arm-none-eabi/lib/thumb/v8-m.main+fp/hard/libc.a(libc_a-mallocr.o)
                0x20000098                __malloc_trim_threshold
 *fill*         0x2000009c        0x4 
 .data.__malloc_av_
                0x200000a0      0x408 /usr/local/arm/arm-gnu-toolchain-14.3.rel1-darwin-arm64-arm-none-eabi/bin/../lib/gcc/arm-none-eabi/14.3.1/../../../../arm-none-eabi/lib/thumb/v8-m.main+fp/hard/libc.a(libc_a-mallocr.o)
                0x200000a0                __malloc_av_
 .data.__sglue  0x200004a8        0xc /usr/local/arm/arm-gnu-toolchain-14.3.rel1-darwin-arm64-arm-none-eabi/bin/../lib/gcc/arm-none-eabi/14.3.1/../../../../arm-none-eabi/lib/thumb/v8-m.main+fp/hard/libc.a(libc_a-findfp.o)
                0x200004a8                __sglue
 .data._impure_ptr
                0x200004b4        0x4 /usr/local/arm/arm-gnu-toolchain-14.3.rel1-darwin-arm64-arm-none-eabi/bin/../lib/gcc/arm-none-eabi/14.3.1/../../../../arm-none-eabi/lib/thumb/v8-m.main+fp/hard/libc.a(libc_a-impure.o)
                0x200004b4                _impure_ptr
 .data._impure_data
                0x200004b8      0x200 /usr/local/arm/arm-gnu-toolchain-14.3.rel1-darwin-arm64-arm-none-eabi/bin/../lib/gcc/arm-none-eabi/14.3.1/../../../../arm-none-eabi/lib/thumb/v8-m.main+fp/hard/libc.a(libc_a-impure.o)
                0x200004b8                _impure_data
 .data.__atexit_recursive_mutex
                0x200006b8        0x4 /usr/local/arm/arm-gnu-toolchain-14.3.rel1-darwin-arm64-arm-none-eabi/bin/../lib/gcc/arm-none-eabi/14.3.1/../../../../arm-none-eabi/lib/thumb/v8-m.main+fp/hard/libc.a(libc_a-__call_atexit.o)
                0x200006b8                __atexit_recursive_mutex
 .data.__global_locale
                0x200006bc      0x254 /usr/local/arm/arm-gnu-toolchain-14.3.rel1-darwin-arm64-arm-none-eabi/bin/../lib/gcc/arm-none-eabi/14.3.1/../../../../arm-none-eabi/lib/thumb/v8-m.main+fp/hard/libc.a(libc_a-locale.o)
                0x200006bc                __global_locale
                0x20000910                        . = ALIGN (0x4)
                0x20000910                        _edata = .

.tm_clone_table
                0x20000910        0x0 load address 0x0800fd34
 .tm_clone_table
                0x20000910        0x0 /usr/local/arm/arm-gnu-toolchain-14.3.rel1-darwin-arm64-arm-none-eabi/bin/../lib/gcc/arm-none-eabi/14.3.1/thumb/v8-m.main+fp/hard/crtbegin.o
 .tm_clone_table
                0x20000910        0x0 /usr/local/arm/arm-gnu-toolchain-14.3.rel1-darwin-arm64-arm-none-eabi/bin/../lib/gcc/arm-none-eabi/14.3.1/thumb/v8-m.main+fp/hard/crtend.o

.igot.plt       0x20000910        0x0 load address 0x0800fd34
 .igot.plt      0x20000910        0x0 /usr/local/arm/arm-gnu-toolchain-14.3.rel1-darwin-arm64-arm-none-eabi/bin/../lib/gcc/arm-none-eabi/14.3.1/thumb/v8-m.main+fp/hard/crtbegin.o

.ram_code       0x20000910        0x0 load address 0x0800fd34
                0x20000910                        . = ALIGN (0x4)
                0x20000910                        _sramcode = .
 *(.ram_code)
 *(.ram_code*)
                0x20000910                        . = ALIGN (0x4)
                0x20000910                        _eramcode = .
                0x0800fd34                        _siramcode = LOADADDR (.ram_code)
                0x20000910                        . = ALIGN (0x4)

.bss            0x20000910     0x4500 load address 0x0800fd34
                0x20000910                        _sbss = .
                0x20000910                        __bss_start__ = _sbss
 *(.bss)
 *(.bss*)
 .bss.completed.1
                0x20000910        0x1 /usr/local/arm/arm-gnu-toolchain-14.3.rel1-darwin-arm64-arm-none-eabi/bin/../lib/gcc/arm-none-eabi/14.3.1/thumb/v8-m.main+fp/hard/crtbegin.o
 *fill*         0x20000911        0x3 
 .bss.object.0  0x20000914       0x18 /usr/local/arm/arm-gnu-toolchain-14.3.rel1-darwin-arm64-arm-none-eabi/bin/../lib/gcc/arm-none-eabi/14.3.1/thumb/v8-m.main+fp/hard/crtbegin.o
 .bss.rt_exception_hook